Component: ARM Compiler 5.05 update 2 (build 169) Tool: armlink [4d0f33]

==============================================================================

Section Cross References

    startup_stm32f429_439xx.o(RESET) refers to startup_stm32f429_439xx.o(STACK) for __initial_sp
    startup_stm32f429_439xx.o(RESET) refers to startup_stm32f429_439xx.o(.text) for Reset_Handler
    startup_stm32f429_439xx.o(RESET) refers to stm32f4xx_it.o(i.NMI_Handler) for NMI_Handler
    startup_stm32f429_439xx.o(RESET) refers to hardfault.o(.text) for HardFault_Handler
    startup_stm32f429_439xx.o(RESET) refers to stm32f4xx_it.o(i.MemManage_Handler) for MemManage_Handler
    startup_stm32f429_439xx.o(RESET) refers to stm32f4xx_it.o(i.BusFault_Handler) for BusFault_Handler
    startup_stm32f429_439xx.o(RESET) refers to stm32f4xx_it.o(i.UsageFault_Handler) for UsageFault_Handler
    startup_stm32f429_439xx.o(RESET) refers to port.o(.emb_text) for SVC_Handler
    startup_stm32f429_439xx.o(RESET) refers to stm32f4xx_it.o(i.DebugMon_Handler) for DebugMon_Handler
    startup_stm32f429_439xx.o(RESET) refers to port.o(i.SysTick_Handler) for SysTick_Handler
    startup_stm32f429_439xx.o(RESET) refers to bsp_data_port.o(i.EXTI2_IRQHandler) for EXTI2_IRQHandler
    startup_stm32f429_439xx.o(RESET) refers to bsp_exti.o(i.EXTI9_5_IRQHandler) for EXTI9_5_IRQHandler
    startup_stm32f429_439xx.o(RESET) refers to bsp_timer.o(i.TIM1_UP_TIM10_IRQHandler) for TIM1_UP_TIM10_IRQHandler
    startup_stm32f429_439xx.o(RESET) refers to bsp_usart.o(i.USART1_IRQHandler) for USART1_IRQHandler
    startup_stm32f429_439xx.o(RESET) refers to bsp_usart.o(i.USART2_IRQHandler) for USART2_IRQHandler
    startup_stm32f429_439xx.o(.text) refers to system_stm32f4xx.o(i.SystemInit) for SystemInit
    startup_stm32f429_439xx.o(.text) refers to entry.o(.ARM.Collect$$$$00000000) for __main
    system_stm32f4xx.o(i.SystemCoreClockUpdate) refers to system_stm32f4xx.o(.data) for .data
    system_stm32f4xx.o(i.SystemInit) refers to system_stm32f4xx.o(i.SetSysClock) for SetSysClock
    stm32f4xx_adc.o(i.ADC_DeInit) refers to stm32f4xx_rcc.o(i.RCC_APB2PeriphResetCmd) for RCC_APB2PeriphResetCmd
    stm32f4xx_can.o(i.CAN_DeInit) refers to stm32f4xx_rcc.o(i.RCC_APB1PeriphResetCmd) for RCC_APB1PeriphResetCmd
    stm32f4xx_can.o(i.CAN_GetITStatus) refers to stm32f4xx_can.o(i.CheckITStatus) for CheckITStatus
    stm32f4xx_cryp.o(i.CRYP_DeInit) refers to stm32f4xx_rcc.o(i.RCC_AHB2PeriphResetCmd) for RCC_AHB2PeriphResetCmd
    stm32f4xx_cryp_aes.o(i.CRYP_AES_CBC) refers to stm32f4xx_cryp.o(i.CRYP_KeyStructInit) for CRYP_KeyStructInit
    stm32f4xx_cryp_aes.o(i.CRYP_AES_CBC) refers to stm32f4xx_cryp.o(i.CRYP_KeyInit) for CRYP_KeyInit
    stm32f4xx_cryp_aes.o(i.CRYP_AES_CBC) refers to stm32f4xx_cryp.o(i.CRYP_Init) for CRYP_Init
    stm32f4xx_cryp_aes.o(i.CRYP_AES_CBC) refers to stm32f4xx_cryp.o(i.CRYP_IVInit) for CRYP_IVInit
    stm32f4xx_cryp_aes.o(i.CRYP_AES_CBC) refers to stm32f4xx_cryp.o(i.CRYP_FIFOFlush) for CRYP_FIFOFlush
    stm32f4xx_cryp_aes.o(i.CRYP_AES_CBC) refers to stm32f4xx_cryp.o(i.CRYP_Cmd) for CRYP_Cmd
    stm32f4xx_cryp_aes.o(i.CRYP_AES_CBC) refers to stm32f4xx_cryp.o(i.CRYP_GetCmdStatus) for CRYP_GetCmdStatus
    stm32f4xx_cryp_aes.o(i.CRYP_AES_CBC) refers to stm32f4xx_cryp.o(i.CRYP_GetFlagStatus) for CRYP_GetFlagStatus
    stm32f4xx_cryp_aes.o(i.CRYP_AES_CBC) refers to stm32f4xx_cryp.o(i.CRYP_DataIn) for CRYP_DataIn
    stm32f4xx_cryp_aes.o(i.CRYP_AES_CBC) refers to stm32f4xx_cryp.o(i.CRYP_DataOut) for CRYP_DataOut
    stm32f4xx_cryp_aes.o(i.CRYP_AES_CCM) refers to stm32f4xx_cryp.o(i.CRYP_KeyStructInit) for CRYP_KeyStructInit
    stm32f4xx_cryp_aes.o(i.CRYP_AES_CCM) refers to stm32f4xx_cryp.o(i.CRYP_FIFOFlush) for CRYP_FIFOFlush
    stm32f4xx_cryp_aes.o(i.CRYP_AES_CCM) refers to stm32f4xx_cryp.o(i.CRYP_KeyInit) for CRYP_KeyInit
    stm32f4xx_cryp_aes.o(i.CRYP_AES_CCM) refers to stm32f4xx_cryp.o(i.CRYP_IVInit) for CRYP_IVInit
    stm32f4xx_cryp_aes.o(i.CRYP_AES_CCM) refers to stm32f4xx_cryp.o(i.CRYP_Init) for CRYP_Init
    stm32f4xx_cryp_aes.o(i.CRYP_AES_CCM) refers to stm32f4xx_cryp.o(i.CRYP_PhaseConfig) for CRYP_PhaseConfig
    stm32f4xx_cryp_aes.o(i.CRYP_AES_CCM) refers to stm32f4xx_cryp.o(i.CRYP_DataIn) for CRYP_DataIn
    stm32f4xx_cryp_aes.o(i.CRYP_AES_CCM) refers to stm32f4xx_cryp.o(i.CRYP_Cmd) for CRYP_Cmd
    stm32f4xx_cryp_aes.o(i.CRYP_AES_CCM) refers to stm32f4xx_cryp.o(i.CRYP_GetCmdStatus) for CRYP_GetCmdStatus
    stm32f4xx_cryp_aes.o(i.CRYP_AES_CCM) refers to stm32f4xx_cryp.o(i.CRYP_GetFlagStatus) for CRYP_GetFlagStatus
    stm32f4xx_cryp_aes.o(i.CRYP_AES_CCM) refers to stm32f4xx_cryp.o(i.CRYP_DataOut) for CRYP_DataOut
    stm32f4xx_cryp_aes.o(i.CRYP_AES_CTR) refers to stm32f4xx_cryp.o(i.CRYP_KeyStructInit) for CRYP_KeyStructInit
    stm32f4xx_cryp_aes.o(i.CRYP_AES_CTR) refers to stm32f4xx_cryp.o(i.CRYP_KeyInit) for CRYP_KeyInit
[...]
    prvTaskCheckFreeStackSpace               0x08003821   Thumb Code    20  tasks.o(i.prvTaskCheckFreeStackSpace)
    i.prvTaskExitError                       0x08003834   Section        0  port.o(i.prvTaskExitError)
    prvTaskExitError                         0x08003835   Thumb Code    40  port.o(i.prvTaskExitError)
    i.prvTimerTask                           0x08003860   Section        0  timers.o(i.prvTimerTask)
    prvTimerTask                             0x08003861   Thumb Code    20  timers.o(i.prvTimerTask)
    i.prvUnlockQueue                         0x08003874   Section        0  queue.o(i.prvUnlockQueue)
    prvUnlockQueue                           0x08003875   Thumb Code   106  queue.o(i.prvUnlockQueue)
    i.prvWriteNameToBuffer                   0x080038de   Section        0  tasks.o(i.prvWriteNameToBuffer)
    prvWriteNameToBuffer                     0x080038df   Thumb Code    36  tasks.o(i.prvWriteNameToBuffer)
    i.pvPortMalloc                           0x08003904   Section        0  heap_4.o(i.pvPortMalloc)
    i.pvTaskIncrementMutexHeldCount          0x080039d8   Section        0  tasks.o(i.pvTaskIncrementMutexHeldCount)
    i.pxPortInitialiseStack                  0x080039f0   Section        0  port.o(i.pxPortInitialiseStack)
    i.resetAllValues                         0x08003a14   Section        0  device_command.o(i.resetAllValues)
    i.resetLevelMotor                        0x08003a2c   Section        0  device_command.o(i.resetLevelMotor)
    i.resetVerticalMotor                     0x08003a44   Section        0  device_command.o(i.resetVerticalMotor)
    i.sendMessage                            0x08003a5c   Section        0  message_deliver.o(i.sendMessage)
    i.sendOneMessageToHost                   0x08003abc   Section        0  protocol_analysis.o(i.sendOneMessageToHost)
    i.setControlerStatus                     0x08003aec   Section        0  device_control.o(i.setControlerStatus)
    i.statck_del_fpu_regs                    0x08003b78   Section        0  cm_backtrace.o(i.statck_del_fpu_regs)
    statck_del_fpu_regs                      0x08003b79   Thumb Code    24  cm_backtrace.o(i.statck_del_fpu_regs)
    i.stopAllMotors                          0x08003b94   Section        0  device_command.o(i.stopAllMotors)
    i.taskAssignment                         0x08003bac   Section        0  device_control.o(i.taskAssignment)
    i.ulTaskNotifyTake                       0x08003cd4   Section        0  tasks.o(i.ulTaskNotifyTake)
    i.uxListRemove                           0x08003d3c   Section        0  list.o(i.uxListRemove)
    i.uxTaskGetSystemState                   0x08003d60   Section        0  tasks.o(i.uxTaskGetSystemState)
    i.vListInitialise                        0x08003e10   Section        0  list.o(i.vListInitialise)
    i.vListInitialiseItem                    0x08003e26   Section        0  list.o(i.vListInitialiseItem)
    i.vListInsert                            0x08003e2c   Section        0  list.o(i.vListInsert)
    i.vListInsertEnd                         0x08003e5c   Section        0  list.o(i.vListInsertEnd)
    i.vPortEnterCritical                     0x08003e74   Section        0  port.o(i.vPortEnterCritical)
    i.vPortExitCritical                      0x08003eb4   Section        0  port.o(i.vPortExitCritical)
    i.vPortFree                              0x08003ee0   Section        0  heap_4.o(i.vPortFree)
    i.vPortSetupTimerInterrupt               0x08003f3c   Section        0  port.o(i.vPortSetupTimerInterrupt)
    i.vPortValidateInterruptPriority         0x08003f50   Section        0  port.o(i.vPortValidateInterruptPriority)
    i.vQueueWaitForMessageRestricted         0x08003fa4   Section        0  queue.o(i.vQueueWaitForMessageRestricted)
    i.vTaskDelay                             0x08003fec   Section        0  tasks.o(i.vTaskDelay)
    i.vTaskGetInfo                           0x0800403c   Section        0  tasks.o(i.vTaskGetInfo)
    i.vTaskGetRunTimeStats                   0x080040b8   Section        0  tasks.o(i.vTaskGetRunTimeStats)
    i.vTaskList                              0x08004178   Section        0  tasks.o(i.vTaskList)
    i.vTaskMissedYield                       0x08004234   Section        0  tasks.o(i.vTaskMissedYield)
    i.vTaskName                              0x08004240   Section        0  tasks.o(i.vTaskName)
    i.vTaskNotifyGiveFromISR                 0x0800424c   Section        0  tasks.o(i.vTaskNotifyGiveFromISR)
    i.vTaskPlaceOnEventList                  0x08004308   Section        0  tasks.o(i.vTaskPlaceOnEventList)
    i.vTaskPlaceOnEventListRestricted        0x0800433c   Section        0  tasks.o(i.vTaskPlaceOnEventListRestricted)
    i.vTaskPriorityInherit                   0x08004378   Section        0  tasks.o(i.vTaskPriorityInherit)
    i.vTaskSetTimeOutState                   0x08004400   Section        0  tasks.o(i.vTaskSetTimeOutState)
    i.vTaskStackAddr                         0x08004424   Section        0  tasks.o(i.vTaskStackAddr)
    i.vTaskStackSize                         0x08004430   Section        0  tasks.o(i.vTaskStackSize)
    i.vTaskStartScheduler                    0x0800443c   Section        0  tasks.o(i.vTaskStartScheduler)
    i.vTaskSuspendAll                        0x080044b4   Section        0  tasks.o(i.vTaskSuspendAll)
    i.vTaskSwitchContext                     0x080044c4   Section        0  tasks.o(i.vTaskSwitchContext)
    i.viewTaskStatus                         0x08004540   Section        0  debug.o(i.viewTaskStatus)
    i.wakeupDeviceControler                  0x080045bc   Section        0  device_control.o(i.wakeupDeviceControler)
    i.wakeupMessageDeliver                   0x08004610   Section        0  message_deliver.o(i.wakeupMessageDeliver)
    i.xPortStartScheduler                    0x08004660   Section        0  port.o(i.xPortStartScheduler)
    i.xQueueCreateCountingSemaphore          0x08004740   Section        0  queue.o(i.xQueueCreateCountingSemaphore)
    i.xQueueCreateMutex                      0x0800477c   Section        0  queue.o(i.xQueueCreateMutex)
    i.xQueueGenericCreate                    0x08004794   Section        0  queue.o(i.xQueueGenericCreate)
    i.xQueueGenericReceive                   0x080047d8   Section        0  queue.o(i.xQueueGenericReceive)
    i.xQueueGenericReset                     0x08004960   Section        0  queue.o(i.xQueueGenericReset)
    i.xQueueGenericSend                      0x080049ec   Section        0  queue.o(i.xQueueGenericSend)
    i.xQueueGenericSendFromISR               0x08004b50   Section        0  queue.o(i.xQueueGenericSendFromISR)
    i.xTaskCheckForTimeOut                   0x08004c10   Section        0  tasks.o(i.xTaskCheckForTimeOut)
    i.xTaskCreate                            0x08004c84   Section        0  tasks.o(i.xTaskCreate)
    i.xTaskGetSchedulerState                 0x08004ce4   Section        0  tasks.o(i.xTaskGetSchedulerState)
    i.xTaskGetTickCount                      0x08004d00   Section        0  tasks.o(i.xTaskGetTickCount)
    i.xTaskIncrementTick                     0x08004d0c   Section        0  tasks.o(i.xTaskIncrementTick)
    i.xTaskPriorityDisinherit                0x08004dd8   Section        0  tasks.o(i.xTaskPriorityDisinherit)
    i.xTaskRemoveFromEventList               0x08004e70   Section        0  tasks.o(i.xTaskRemoveFromEventList)
    i.xTaskResumeAll                         0x08004eec   Section        0  tasks.o(i.xTaskResumeAll)
    i.xTimerCreateTimerTask                  0x08004fb8   Section        0  timers.o(i.xTimerCreateTimerTask)
    i.xTimerGenericCommand                   0x08005004   Section        0  timers.o(i.xTimerGenericCommand)
    .constdata                               0x0800506c   Section       19  device_control.o(.constdata)
    __FUNCTION__                             0x0800506c   Data          19  device_control.o(.constdata)
    .constdata                               0x0800507f   Section      413  device_command.o(.constdata)
    __FUNCTION__                             0x0800507f   Data          23  device_command.o(.constdata)
    __FUNCTION__                             0x08005096   Data          27  device_command.o(.constdata)
    __FUNCTION__                             0x080050b1   Data          15  device_command.o(.constdata)
    __FUNCTION__                             0x080050c0   Data          16  device_command.o(.constdata)
    __FUNCTION__                             0x080050d0   Data          17  device_command.o(.constdata)
    __FUNCTION__                             0x080050e1   Data          15  device_command.o(.constdata)
    __FUNCTION__                             0x080050f0   Data          16  device_command.o(.constdata)
    __FUNCTION__                             0x08005100   Data          30  device_command.o(.constdata)
    __FUNCTION__                             0x0800511e   Data          22  device_command.o(.constdata)
    __FUNCTION__                             0x08005134   Data          27  device_command.o(.constdata)
    __FUNCTION__                             0x0800514f   Data          18  device_command.o(.constdata)
    __FUNCTION__                             0x08005161   Data          18  device_command.o(.constdata)
    __FUNCTION__                             0x08005173   Data          19  device_command.o(.constdata)
    __FUNCTION__                             0x08005186   Data          33  device_command.o(.constdata)
    __FUNCTION__                             0x080051a7   Data          25  device_command.o(.constdata)
    __FUNCTION__                             0x080051c0   Data          30  device_command.o(.constdata)
    __FUNCTION__                             0x080051de   Data          24  device_command.o(.constdata)
    __FUNCTION__                             0x080051f6   Data          24  device_command.o(.constdata)
    __FUNCTION__                             0x0800520e   Data          14  device_command.o(.constdata)
    .constdata                               0x0800521c   Section      100  cm_backtrace.o(.constdata)
    __FUNCTION__                             0x0800521c   Data          26  cm_backtrace.o(.constdata)
    __FUNCTION__                             0x08005236   Data          20  cm_backtrace.o(.constdata)
    __FUNCTION__                             0x0800524a   Data          19  cm_backtrace.o(.constdata)
    .conststring                             0x08005280   Section      148  debug.o(.conststring)
    .conststring                             0x08005314   Section     1989  cm_backtrace.o(.conststring)
    .data                                    0x20000000   Section       16  stm32f4xx_rcc.o(.data)
    APBAHBPrescTable                         0x20000000   Data          16  stm32f4xx_rcc.o(.data)
    .data                                    0x20000010   Section        4  bsp_timer.o(.data)
    .data                                    0x20000014   Section        1  bsp_usart.o(.data)
    k                                        0x20000014   Data           1  bsp_usart.o(.data)
    .data                                    0x20000018   Section        8  protocol_analysis.o(.data)
    uiDeviceCmdNum                           0x20000018   Data           4  protocol_analysis.o(.data)
    uiLastTime                               0x2000001c   Data           4  protocol_analysis.o(.data)
    .data                                    0x20000020   Section        4  message_deliver.o(.data)
    tHigherPriorityTaskWoken                 0x20000020   Data           4  message_deliver.o(.data)
    .data                                    0x20000024   Section      268  bsp_data_port.o(.data)
    u16AddressMode                           0x20000024   Data           2  bsp_data_port.o(.data)
    u16DataMode                              0x20000026   Data           2  bsp_data_port.o(.data)
    .data                                    0x20000130   Section        8  device_command.o(.data)
    a                                        0x20000130   Data           1  device_command.o(.data)
    .data                                    0x20000138   Section       68  tasks.o(.data)
    uxDeletedTasksWaitingCleanUp             0x2000013c   Data           4  tasks.o(.data)
    uxCurrentNumberOfTasks                   0x20000140   Data           4  tasks.o(.data)
    xTickCount                               0x20000144   Data           4  tasks.o(.data)
    uxTopReadyPriority                       0x20000148   Data           4  tasks.o(.data)
    xSchedulerRunning                        0x2000014c   Data           4  tasks.o(.data)
    uxPendedTicks                            0x20000150   Data           4  tasks.o(.data)
    xYieldPending                            0x20000154   Data           4  tasks.o(.data)
    xNumOfOverflows                          0x20000158   Data           4  tasks.o(.data)
    uxTaskNumber                             0x2000015c   Data           4  tasks.o(.data)
    xNextTaskUnblockTime                     0x20000160   Data           4  tasks.o(.data)
    xIdleTaskHandle                          0x20000164   Data           4  tasks.o(.data)
    uxSchedulerSuspended                     0x20000168   Data           4  tasks.o(.data)
    ulTaskSwitchedInTime                     0x2000016c   Data           4  tasks.o(.data)
    ulTotalRunTime                           0x20000170   Data           4  tasks.o(.data)
    pxDelayedTaskList                        0x20000174   Data           4  tasks.o(.data)
    pxOverflowDelayedTaskList                0x20000178   Data           4  tasks.o(.data)
    .data                                    0x2000017c   Section       12  port.o(.data)
    ucMaxSysCallPriority                     0x2000017c   Data           1  port.o(.data)
    uxCriticalNesting                        0x20000180   Data           4  port.o(.data)
    ulMaxPRIGROUPValue                       0x20000184   Data           4  port.o(.data)
    .data                                    0x20000188   Section       24  heap_4.o(.data)
    pxEnd                                    0x20000188   Data           4  heap_4.o(.data)
    xFreeBytesRemaining                      0x2000018c   Data           4  heap_4.o(.data)
    xMinimumEverFreeBytesRemaining           0x20000190   Data           4  heap_4.o(.data)
    xBlockAllocatedBit                       0x20000194   Data           4  heap_4.o(.data)
    xStart                                   0x20000198   Data           8  heap_4.o(.data)
    .data                                    0x200001a0   Section       20  timers.o(.data)
    xTimerQueue                              0x200001a0   Data           4  timers.o(.data)
    xTimerTaskHandle                         0x200001a4   Data           4  timers.o(.data)
    xLastTime                                0x200001a8   Data           4  timers.o(.data)
    pxCurrentTimerList                       0x200001ac   Data           4  timers.o(.data)
    pxOverflowTimerList                      0x200001b0   Data           4  timers.o(.data)
    .data                                    0x200001b4   Section      160  cm_backtrace.o(.data)
    init_ok                                  0x200001b4   Data           1  cm_backtrace.o(.data)
    on_fault                                 0x200001b5   Data           1  cm_backtrace.o(.data)
    statck_has_fpu_regs                      0x200001b6   Data           1  cm_backtrace.o(.data)
    on_thread_before_fault                   0x200001b7   Data           1  cm_backtrace.o(.data)
    main_stack_start_addr                    0x200001b8   Data           4  cm_backtrace.o(.data)
    main_stack_size                          0x200001bc   Data           4  cm_backtrace.o(.data)
    code_start_addr                          0x200001c0   Data           4  cm_backtrace.o(.data)
    code_size                                0x200001c4   Data           4  cm_backtrace.o(.data)
    print_info                               0x200001c8   Data         140  cm_backtrace.o(.data)
    .data                                    0x20000254   Section        4  stdout.o(.data)
    .bss                                     0x20000258   Section      876  protocol_analysis.o(.bss)
    .bss                                     0x200005c4   Section      156  device_control.o(.bss)
    .bss                                     0x20000660   Section     1304  message_deliver.o(.bss)
    .bss                                     0x20000b78   Section      932  debug.o(.bss)
    .bss                                     0x20000f1c   Section      200  tasks.o(.bss)
    pxReadyTasksLists                        0x20000f1c   Data         100  tasks.o(.bss)
    xDelayedTaskList1                        0x20000f80   Data          20  tasks.o(.bss)
    xDelayedTaskList2                        0x20000f94   Data          20  tasks.o(.bss)
    xPendingReadyList                        0x20000fa8   Data          20  tasks.o(.bss)
    xTasksWaitingTermination                 0x20000fbc   Data          20  tasks.o(.bss)
    xSuspendedTaskList                       0x20000fd0   Data          20  tasks.o(.bss)
    .bss                                     0x20000fe4   Section    76800  heap_4.o(.bss)
    ucHeap                                   0x20000fe4   Data       76800  heap_4.o(.bss)
    .bss                                     0x20013be4   Section       40  timers.o(.bss)
    xActiveTimerList1                        0x20013be4   Data          20  timers.o(.bss)
    xActiveTimerList2                        0x20013bf8   Data          20  timers.o(.bss)
    .bss                                     0x20013c0c   Section      308  cm_backtrace.o(.bss)
    fw_name                                  0x20013c0c   Data          32  cm_backtrace.o(.bss)
    hw_ver                                   0x20013c2c   Data          32  cm_backtrace.o(.bss)
    sw_ver                                   0x20013c4c   Data          32  cm_backtrace.o(.bss)
    call_stack_info                          0x20013c6c   Data         144  cm_backtrace.o(.bss)
    regs                                     0x20013cfc   Data          68  cm_backtrace.o(.bss)
    STACK                                    0x20013d40   Section     1024  startup_stm32f429_439xx.o(STACK)

    Global Symbols

    Symbol Name                              Value     Ov Type        Size  Object(Section)

    BuildAttributes$$THM_ISAv4$E$P$D$K$B$S$7EM$VFPi3$EXTD16$VFPS$VFMA$PE$A:L22UL41UL21$X:L11$S22US41US21$IEEE1$IW$USESV6$~STKCKD$USESV7$~SHL$OSPACE$ROPI$EBA8$MICROLIB$REQ8$PRES8$EABIv2 0x00000000   Number         0  anon$$obj.o ABSOLUTE
    __ARM_use_no_argv                        0x00000000   Number         0  main.o ABSOLUTE
    _printf_a                                0x00000000   Number         0  stubs.o ABSOLUTE
    _printf_c                                0x00000000   Number         0  stubs.o ABSOLUTE
    _printf_charcount                        0x00000000   Number         0  stubs.o ABSOLUTE
    _printf_d                                0x00000000   Number         0  stubs.o ABSOLUTE
    _printf_e                                0x00000000   Number         0  stubs.o ABSOLUTE
    _printf_f                                0x00000000   Number         0  stubs.o ABSOLUTE
    _printf_flags                            0x00000000   Number         0  stubs.o ABSOLUTE
    _printf_fp_dec                           0x00000000   Number         0  stubs.o ABSOLUTE
    _printf_fp_hex                           0x00000000   Number         0  stubs.o ABSOLUTE
    _printf_g                                0x00000000   Number         0  stubs.o ABSOLUTE
    _printf_i                                0x00000000   Number         0  stubs.o ABSOLUTE
    _printf_int_dec                          0x00000000   Number         0  stubs.o ABSOLUTE
    _printf_l                                0x00000000   Number         0  stubs.o ABSOLUTE
    _printf_lc                               0x00000000   Number         0  stubs.o ABSOLUTE
    _printf_ll                               0x00000000   Number         0  stubs.o ABSOLUTE
    _printf_lld                              0x00000000   Number         0  stubs.o ABSOLUTE
    _printf_lli                              0x00000000   Number         0  stubs.o ABSOLUTE
    _printf_llo                              0x00000000   Number         0  stubs.o ABSOLUTE
    _printf_llu                              0x00000000   Number         0  stubs.o ABSOLUTE
    _printf_llx                              0x00000000   Number         0  stubs.o ABSOLUTE
    _printf_longlong_dec                     0x00000000   Number         0  stubs.o ABSOLUTE
    _printf_longlong_hex                     0x00000000   Number         0  stubs.o ABSOLUTE
    _printf_longlong_oct                     0x00000000   Number         0  stubs.o ABSOLUTE
    _printf_ls                               0x00000000   Number         0  stubs.o ABSOLUTE
    _printf_mbtowc                           0x00000000   Number         0  stubs.o ABSOLUTE
    _printf_n                                0x00000000   Number         0  stubs.o ABSOLUTE
    _printf_o                                0x00000000   Number         0  stubs.o ABSOLUTE
    _printf_p                                0x00000000   Number         0  stubs.o ABSOLUTE
    _printf_percent                          0x00000000   Number         0  stubs.o ABSOLUTE
    _printf_pre_padding                      0x00000000   Number         0  stubs.o ABSOLUTE
    _printf_return_value                     0x00000000   Number         0  stubs.o ABSOLUTE
    _printf_s                                0x00000000   Number         0  stubs.o ABSOLUTE
    _printf_sizespec                         0x00000000   Number         0  stubs.o ABSOLUTE
    _printf_str                              0x00000000   Number         0  stubs.o ABSOLUTE
    _printf_truncate_signed                  0x00000000   Number         0  stubs.o ABSOLUTE
    _printf_truncate_unsigned                0x00000000   Number         0  stubs.o ABSOLUTE
    _printf_u                                0x00000000   Number         0  stubs.o ABSOLUTE
    _printf_wc                               0x00000000   Number         0  stubs.o ABSOLUTE
    _printf_wctomb                           0x00000000   Number         0  stubs.o ABSOLUTE
    _printf_widthprec                        0x00000000   Number         0  stubs.o ABSOLUTE
    _printf_x                                0x00000000   Number         0  stubs.o ABSOLUTE
    __cpp_initialize__aeabi_                  - Undefined Weak Reference
    __cxa_finalize                            - Undefined Weak Reference
    _clock_init                               - Undefined Weak Reference
    _microlib_exit                            - Undefined Weak Reference
    __Vectors_Size                           0x000001ac   Number         0  startup_stm32f429_439xx.o ABSOLUTE
    Image$$ER_IROM1$$Base                    0x08000000   Number         0  anon$$obj.o ABSOLUTE
    __Vectors                                0x08000000   Data           4  startup_stm32f429_439xx.o(RESET)
    __Vectors_End                            0x080001ac   Data           0  startup_stm32f429_439xx.o(RESET)
    __main                                   0x080001ad   Thumb Code     0  entry.o(.ARM.Collect$$$$00000000)
    _main_stk                                0x080001ad   Thumb Code     0  entry2.o(.ARM.Collect$$$$00000001)
    _main_scatterload                        0x080001b1   Thumb Code     0  entry5.o(.ARM.Collect$$$$00000004)
    __main_after_scatterload                 0x080001b5   Thumb Code     0  entry5.o(.ARM.Collect$$$$00000004)
    _main_clock                              0x080001b5   Thumb Code     0  entry7b.o(.ARM.Collect$$$$00000008)
    _main_cpp_init                           0x080001b5   Thumb Code     0  entry8b.o(.ARM.Collect$$$$0000000A)
    _main_init                               0x080001b5   Thumb Code     0  entry9a.o(.ARM.Collect$$$$0000000B)
    __rt_final_cpp                           0x080001bd   Thumb Code     0  entry10a.o(.ARM.Collect$$$$0000000D)
    __rt_final_exit                          0x080001bd   Thumb Code     0  entry11a.o(.ARM.Collect$$$$0000000F)
    SVC_Handler                              0x080001c1   Thumb Code    28  port.o(.emb_text)
    __asm___6_port_c_39a90d8d__prvStartFirstTask 0x080001e1   Thumb Code    28  port.o(.emb_text)
    __asm___6_port_c_39a90d8d__prvEnableVFP  0x08000201   Thumb Code    16  port.o(.emb_text)
    PendSV_Handler                           0x08000215   Thumb Code    88  port.o(.emb_text)
    vPortGetIPSR                             0x08000271   Thumb Code     6  port.o(.emb_text)
    __asm___14_cm_backtrace_c_c7eb8acc__cmb_get_msp 0x08000279   Thumb Code     6  cm_backtrace.o(.emb_text)
    __asm___14_cm_backtrace_c_c7eb8acc__cmb_get_psp 0x0800027f   Thumb Code     6  cm_backtrace.o(.emb_text)
    __asm___14_cm_backtrace_c_c7eb8acc__cmb_get_sp 0x08000285   Thumb Code     4  cm_backtrace.o(.emb_text)
    Reset_Handler                            0x08000289   Thumb Code     8  startup_stm32f429_439xx.o(.text)
    ADC_IRQHandler                           0x080002a3   Thumb Code     0  startup_stm32f429_439xx.o(.text)
    CAN1_RX0_IRQHandler                      0x080002a3   Thumb Code     0  startup_stm32f429_439xx.o(.text)
    CAN1_RX1_IRQHandler                      0x080002a3   Thumb Code     0  startup_stm32f429_439xx.o(.text)
    CAN1_SCE_IRQHandler                      0x080002a3   Thumb Code     0  startup_stm32f429_439xx.o(.text)
    CAN1_TX_IRQHandler                       0x080002a3   Thumb Code     0  startup_stm32f429_439xx.o(.text)
    CAN2_RX0_IRQHandler                      0x080002a3   Thumb Code     0  startup_stm32f429_439xx.o(.text)
    CAN2_RX1_IRQHandler                      0x080002a3   Thumb Code     0  startup_stm32f429_439xx.o(.text)
    CAN2_SCE_IRQHandler                      0x080002a3   Thumb Code     0  startup_stm32f429_439xx.o(.text)
    CAN2_TX_IRQHandler                       0x080002a3   Thumb Code     0  startup_stm32f429_439xx.o(.text)
    CRYP_IRQHandler                          0x080002a3   Thumb Code     0  startup_stm32f429_439xx.o(.text)
    DCMI_IRQHandler                          0x080002a3   Thumb Code     0  startup_stm32f429_439xx.o(.text)
    DMA1_Stream0_IRQHandler                  0x080002a3   Thumb Code     0  startup_stm32f429_439xx.o(.text)
    DMA1_Stream1_IRQHandler                  0x080002a3   Thumb Code     0  startup_stm32f429_439xx.o(.text)
    DMA1_Stream2_IRQHandler                  0x080002a3   Thumb Code     0  startup_stm32f429_439xx.o(.text)
    DMA1_Stream3_IRQHandler                  0x080002a3   Thumb Code     0  startup_stm32f429_439xx.o(.text)
    DMA1_Stream4_IRQHandler                  0x080002a3   Thumb Code     0  startup_stm32f429_439xx.o(.text)
    DMA1_Stream5_IRQHandler                  0x080002a3   Thumb Code     0  startup_stm32f429_439xx.o(.text)
    DMA1_Stream6_IRQHandler                  0x080002a3   Thumb Code     0  startup_stm32f429_439xx.o(.text)
    DMA1_Stream7_IRQHandler                  0x080002a3   Thumb Code     0  startup_stm32f429_439xx.o(.text)
    DMA2D_IRQHandler                         0x080002a3   Thumb Code     0  startup_stm32f429_439xx.o(.text)
    DMA2_Stream0_IRQHandler                  0x080002a3   Thumb Code     0  startup_stm32f429_439xx.o(.text)
    DMA2_Stream1_IRQHandler                  0x080002a3   Thumb Code     0  startup_stm32f429_439xx.o(.text)
    DMA2_Stream2_IRQHandler                  0x080002a3   Thumb Code     0  startup_stm32f429_439xx.o(.text)
    DMA2_Stream3_IRQHandler                  0x080002a3   Thumb Code     0  startup_stm32f429_439xx.o(.text)
    DMA2_Stream4_IRQHandler                  0x080002a3   Thumb Code     0  startup_stm32f429_439xx.o(.text)
    DMA2_Stream5_IRQHandler                  0x080002a3   Thumb Code     0  startup_stm32f429_439xx.o(.text)
    DMA2_Stream6_IRQHandler                  0x080002a3   Thumb Code     0  startup_stm32f429_439xx.o(.text)
    DMA2_Stream7_IRQHandler                  0x080002a3   Thumb Code     0  startup_stm32f429_439xx.o(.text)
    ETH_IRQHandler                           0x080002a3   Thumb Code     0  startup_stm32f429_439xx.o(.text)
    ETH_WKUP_IRQHandler                      0x080002a3   Thumb Code     0  startup_stm32f429_439xx.o(.text)
    EXTI0_IRQHandler                         0x080002a3   Thumb Code     0  startup_stm32f429_439xx.o(.text)
    EXTI15_10_IRQHandler                     0x080002a3   Thumb Code     0  startup_stm32f429_439xx.o(.text)
    EXTI1_IRQHandler                         0x080002a3   Thumb Code     0  startup_stm32f429_439xx.o(.text)
    EXTI3_IRQHandler                         0x080002a3   Thumb Code     0  startup_stm32f429_439xx.o(.text)
    EXTI4_IRQHandler                         0x080002a3   Thumb Code     0  startup_stm32f429_439xx.o(.text)
    FLASH_IRQHandler                         0x080002a3   Thumb Code     0  startup_stm32f429_439xx.o(.text)
    FMC_IRQHandler                           0x080002a3   Thumb Code     0  startup_stm32f429_439xx.o(.text)
    FPU_IRQHandler                           0x080002a3   Thumb Code     0  startup_stm32f429_439xx.o(.text)
    HASH_RNG_IRQHandler                      0x080002a3   Thumb Code     0  startup_stm32f429_439xx.o(.text)
    I2C1_ER_IRQHandler                       0x080002a3   Thumb Code     0  startup_stm32f429_439xx.o(.text)
    I2C1_EV_IRQHandler                       0x080002a3   Thumb Code     0  startup_stm32f429_439xx.o(.text)
    I2C2_ER_IRQHandler                       0x080002a3   Thumb Code     0  startup_stm32f429_439xx.o(.text)
    I2C2_EV_IRQHandler                       0x080002a3   Thumb Code     0  startup_stm32f429_439xx.o(.text)
    I2C3_ER_IRQHandler                       0x080002a3   Thumb Code     0  startup_stm32f429_439xx.o(.text)
    I2C3_EV_IRQHandler                       0x080002a3   Thumb Code     0  startup_stm32f429_439xx.o(.text)
    LTDC_ER_IRQHandler                       0x080002a3   Thumb Code     0  startup_stm32f429_439xx.o(.text)
    LTDC_IRQHandler                          0x080002a3   Thumb Code     0  startup_stm32f429_439xx.o(.text)
    OTG_FS_IRQHandler                        0x080002a3   Thumb Code     0  startup_stm32f429_439xx.o(.text)
    OTG_FS_WKUP_IRQHandler                   0x080002a3   Thumb Code     0  startup_stm32f429_439xx.o(.text)
    OTG_HS_EP1_IN_IRQHandler                 0x080002a3   Thumb Code     0  startup_stm32f429_439xx.o(.text)
    OTG_HS_EP1_OUT_IRQHandler                0x080002a3   Thumb Code     0  startup_stm32f429_439xx.o(.text)
    OTG_HS_IRQHandler                        0x080002a3   Thumb Code     0  startup_stm32f429_439xx.o(.text)
    OTG_HS_WKUP_IRQHandler                   0x080002a3   Thumb Code     0  startup_stm32f429_439xx.o(.text)
    PVD_IRQHandler                           0x080002a3   Thumb Code     0  startup_stm32f429_439xx.o(.text)
    RCC_IRQHandler                           0x080002a3   Thumb Code     0  startup_stm32f429_439xx.o(.text)
    RTC_Alarm_IRQHandler                     0x080002a3   Thumb Code     0  startup_stm32f429_439xx.o(.text)
    RTC_WKUP_IRQHandler                      0x080002a3   Thumb Code     0  startup_stm32f429_439xx.o(.text)
    SAI1_IRQHandler                          0x080002a3   Thumb Code     0  startup_stm32f429_439xx.o(.text)
    SDIO_IRQHandler                          0x080002a3   Thumb Code     0  startup_stm32f429_439xx.o(.text)
    SPI1_IRQHandler                          0x080002a3   Thumb Code     0  startup_stm32f429_439xx.o(.text)
    SPI2_IRQHandler                          0x080002a3   Thumb Code     0  startup_stm32f429_439xx.o(.text)
    SPI3_IRQHandler                          0x080002a3   Thumb Code     0  startup_stm32f429_439xx.o(.text)
    SPI4_IRQHandler                          0x080002a3   Thumb Code     0  startup_stm32f429_439xx.o(.text)
    SPI5_IRQHandler                          0x080002a3   Thumb Code     0  startup_stm32f429_439xx.o(.text)
    SPI6_IRQHandler                          0x080002a3   Thumb Code     0  startup_stm32f429_439xx.o(.text)
    TAMP_STAMP_IRQHandler                    0x080002a3   Thumb Code     0  startup_stm32f429_439xx.o(.text)
    TIM1_BRK_TIM9_IRQHandler                 0x080002a3   Thumb Code     0  startup_stm32f429_439xx.o(.text)
    TIM1_CC_IRQHandler                       0x080002a3   Thumb Code     0  startup_stm32f429_439xx.o(.text)
    TIM1_TRG_COM_TIM11_IRQHandler            0x080002a3   Thumb Code     0  startup_stm32f429_439xx.o(.text)
    TIM2_IRQHandler                          0x080002a3   Thumb Code     0  startup_stm32f429_439xx.o(.text)
    TIM3_IRQHandler                          0x080002a3   Thumb Code     0  startup_stm32f429_439xx.o(.text)
    TIM4_IRQHandler                          0x080002a3   Thumb Code     0  startup_stm32f429_439xx.o(.text)
    TIM5_IRQHandler                          0x080002a3   Thumb Code     0  startup_stm32f429_439xx.o(.text)
    TIM6_DAC_IRQHandler                      0x080002a3   Thumb Code     0  startup_stm32f429_439xx.o(.text)
    TIM7_IRQHandler                          0x080002a3   Thumb Code     0  startup_stm32f429_439xx.o(.text)
    TIM8_BRK_TIM12_IRQHandler                0x080002a3   Thumb Code     0  startup_stm32f429_439xx.o(.text)
    TIM8_CC_IRQHandler                       0x080002a3   Thumb Code     0  startup_stm32f429_439xx.o(.text)
    TIM8_TRG_COM_TIM14_IRQHandler            0x080002a3   Thumb Code     0  startup_stm32f429_439xx.o(.text)
    TIM8_UP_TIM13_IRQHandler                 0x080002a3   Thumb Code     0  startup_stm32f429_439xx.o(.text)
    UART4_IRQHandler                         0x080002a3   Thumb Code     0  startup_stm32f429_439xx.o(.text)
    UART5_IRQHandler                         0x080002a3   Thumb Code     0  startup_stm32f429_439xx.o(.text)
    UART7_IRQHandler                         0x080002a3   Thumb Code     0  startup_stm32f429_439xx.o(.text)
    UART8_IRQHandler                         0x080002a3   Thumb Code     0  startup_stm32f429_439xx.o(.text)
    USART3_IRQHandler                        0x080002a3   Thumb Code     0  startup_stm32f429_439xx.o(.text)
    USART6_IRQHandler                        0x080002a3   Thumb Code     0  startup_stm32f429_439xx.o(.text)
    WWDG_IRQHandler                          0x080002a3   Thumb Code     0  startup_stm32f429_439xx.o(.text)
    HardFault_Handler                        0x080002ad   Thumb Code    12  hardfault.o(.text)
    __aeabi_memcpy                           0x080002b9   Thumb Code    36  memcpya.o(.text)
    __aeabi_memcpy4                          0x080002b9   Thumb Code     0  memcpya.o(.text)
    __aeabi_memcpy8                          0x080002b9   Thumb Code     0  memcpya.o(.text)
    __aeabi_memset                           0x080002dd   Thumb Code    14  memseta.o(.text)
    __aeabi_memset4                          0x080002dd   Thumb Code     0  memseta.o(.text)
    __aeabi_memset8                          0x080002dd   Thumb Code     0  memseta.o(.text)
    __aeabi_memclr                           0x080002eb   Thumb Code     4  memseta.o(.text)
    __aeabi_memclr4                          0x080002eb   Thumb Code     0  memseta.o(.text)
    __aeabi_memclr8                          0x080002eb   Thumb Code     0  memseta.o(.text)
    _memset$wrapper                          0x080002ef   Thumb Code    18  memseta.o(.text)
    strncpy                                  0x08000301   Thumb Code    24  strncpy.o(.text)
    strlen                                   0x08000319   Thumb Code    14  strlen.o(.text)
    strcpy                                   0x08000327   Thumb Code    18  strcpy.o(.text)
    __aeabi_uldivmod                         0x08000339   Thumb Code    98  uldiv.o(.text)
    __scatterload                            0x0800039d   Thumb Code    28  init.o(.text)
    __scatterload_rt2                        0x0800039d   Thumb Code     0  init.o(.text)
    __aeabi_llsl                             0x080003c1   Thumb Code    30  llshl.o(.text)
    _ll_shift_l                              0x080003c1   Thumb Code     0  llshl.o(.text)
    __aeabi_llsr                             0x080003df   Thumb Code    32  llushr.o(.text)
    _ll_ushift_r                             0x080003df   Thumb Code     0  llushr.o(.text)
    __decompress                             0x080003ff   Thumb Code     0  __dczerorl2.o(.text)
    __decompress1                            0x080003ff   Thumb Code    86  __dczerorl2.o(.text)
    BSP_DATAPORT_CLK_Enable                  0x08000455   Thumb Code    46  bsp_data_port.o(i.BSP_DATAPORT_CLK_Enable)
    BSP_DATAPORT_INT_Init                    0x080004b5   Thumb Code    78  bsp_data_port.o(i.BSP_DATAPORT_INT_Init)
    BSP_DATAPORT_INT_NVIC_Disable            0x08000509   Thumb Code    32  bsp_data_port.o(i.BSP_DATAPORT_INT_NVIC_Disable)
    BSP_DATAPORT_INT_NVIC_Enable             0x08000529   Thumb Code    38  bsp_data_port.o(i.BSP_DATAPORT_INT_NVIC_Enable)
    BSP_DATAPORT_Init                        0x08000551   Thumb Code    32  bsp_data_port.o(i.BSP_DATAPORT_Init)
    BSP_DATAPORT_Read_Disable                0x08000575   Thumb Code    12  bsp_data_port.o(i.BSP_DATAPORT_Read_Disable)
    BSP_DATAPORT_Write_Disable               0x08000585   Thumb Code    12  bsp_data_port.o(i.BSP_DATAPORT_Write_Disable)
    BSP_DATAPORT_Write_Read_Init             0x08000595   Thumb Code    80  bsp_data_port.o(i.BSP_DATAPORT_Write_Read_Init)
    BSP_EXTI_INT_NVIC_Disable                0x080005e9   Thumb Code    32  bsp_exti.o(i.BSP_EXTI_INT_NVIC_Disable)
    BSP_TIMER_Init                           0x0800061b   Thumb Code    14  bsp_timer.o(i.BSP_TIMER_Init)
    BSP_USART1_Init                          0x080006a5   Thumb Code   196  bsp_usart.o(i.BSP_USART1_Init)
    BSP_USART2_Init                          0x08000771   Thumb Code   196  bsp_usart.o(i.BSP_USART2_Init)
    BSP_USART_Init                           0x0800083d   Thumb Code    14  bsp_usart.o(i.BSP_USART_Init)
    BSP_USART_Send                           0x0800084d   Thumb Code    44  bsp_usart.o(i.BSP_USART_Send)
    BusFault_Handler                         0x0800087d   Thumb Code     2  stm32f4xx_it.o(i.BusFault_Handler)
    DebugMon_Handler                         0x0800087f   Thumb Code     2  stm32f4xx_it.o(i.DebugMon_Handler)
    EXTI2_IRQHandler                         0x08000881   Thumb Code    34  bsp_data_port.o(i.EXTI2_IRQHandler)
    EXTI9_5_IRQHandler                       0x080008b5   Thumb Code    24  bsp_exti.o(i.EXTI9_5_IRQHandler)
    EXTI_ClearITPendingBit                   0x080008cd   Thumb Code     6  stm32f4xx_exti.o(i.EXTI_ClearITPendingBit)
    EXTI_GetITStatus                         0x080008d9   Thumb Code    16  stm32f4xx_exti.o(i.EXTI_GetITStatus)
    EXTI_Init                                0x080008ed   Thumb Code   110  stm32f4xx_exti.o(i.EXTI_Init)
    GPIO_Init                                0x08000961   Thumb Code   124  stm32f4xx_gpio.o(i.GPIO_Init)
    GPIO_PinAFConfig                         0x080009dd   Thumb Code    32  stm32f4xx_gpio.o(i.GPIO_PinAFConfig)
    GPIO_WriteBit                            0x080009fd   Thumb Code    12  stm32f4xx_gpio.o(i.GPIO_WriteBit)
    MemManage_Handler                        0x08000a09   Thumb Code     2  stm32f4xx_it.o(i.MemManage_Handler)
    NMI_Handler                              0x08000a0b   Thumb Code     2  stm32f4xx_it.o(i.NMI_Handler)
    NVIC_Init                                0x08000a0d   Thumb Code    98  misc.o(i.NVIC_Init)
    NVIC_PriorityGroupConfig                 0x08000a75   Thumb Code    10  misc.o(i.NVIC_PriorityGroupConfig)
    RCC_AHB1PeriphClockCmd                   0x08000a89   Thumb Code    22  stm32f4xx_rcc.o(i.RCC_AHB1PeriphClockCmd)
    RCC_APB1PeriphClockCmd                   0x08000aa5   Thumb Code    22  stm32f4xx_rcc.o(i.RCC_APB1PeriphClockCmd)
    RCC_APB2PeriphClockCmd                   0x08000ac1   Thumb Code    22  stm32f4xx_rcc.o(i.RCC_APB2PeriphClockCmd)
    RCC_GetClocksFreq                        0x08000add   Thumb Code   148  stm32f4xx_rcc.o(i.RCC_GetClocksFreq)
    SYSCFG_EXTILineConfig                    0x08000b81   Thumb Code    38  stm32f4xx_syscfg.o(i.SYSCFG_EXTILineConfig)
    SysTick_Handler                          0x08000c81   Thumb Code    38  port.o(i.SysTick_Handler)
    SystemInit                               0x08000cad   Thumb Code    74  system_stm32f4xx.o(i.SystemInit)
    TIM1_UP_TIM10_IRQHandler                 0x08000d09   Thumb Code    38  bsp_timer.o(i.TIM1_UP_TIM10_IRQHandler)
    TIM_ClearFlag                            0x08000d39   Thumb Code     6  stm32f4xx_tim.o(i.TIM_ClearFlag)
    TIM_ClearITPendingBit                    0x08000d3f   Thumb Code     6  stm32f4xx_tim.o(i.TIM_ClearITPendingBit)
    TIM_Cmd                                  0x08000d45   Thumb Code    24  stm32f4xx_tim.o(i.TIM_Cmd)
    TIM_GetITStatus                          0x08000d5d   Thumb Code    24  stm32f4xx_tim.o(i.TIM_GetITStatus)
    TIM_ITConfig                             0x08000d75   Thumb Code    20  stm32f4xx_tim.o(i.TIM_ITConfig)
    TIM_TimeBaseInit                         0x08000d89   Thumb Code    96  stm32f4xx_tim.o(i.TIM_TimeBaseInit)
    USART1_IRQHandler                        0x08000e05   Thumb Code    62  bsp_usart.o(i.USART1_IRQHandler)
    USART2_IRQHandler                        0x08000e49   Thumb Code    66  bsp_usart.o(i.USART2_IRQHandler)
    USART_ClearFlag                          0x08000e95   Thumb Code     8  stm32f4xx_usart.o(i.USART_ClearFlag)
    USART_Cmd                                0x08000e9d   Thumb Code    24  stm32f4xx_usart.o(i.USART_Cmd)
    USART_GetFlagStatus                      0x08000eb5   Thumb Code    14  stm32f4xx_usart.o(i.USART_GetFlagStatus)
    USART_GetITStatus                        0x08000ec3   Thumb Code    64  stm32f4xx_usart.o(i.USART_GetITStatus)
    USART_ITConfig                           0x08000f03   Thumb Code    54  stm32f4xx_usart.o(i.USART_ITConfig)
    USART_Init                               0x08000f39   Thumb Code   180  stm32f4xx_usart.o(i.USART_Init)
    USART_ReceiveData                        0x08000ff5   Thumb Code     8  stm32f4xx_usart.o(i.USART_ReceiveData)
    USART_SendData                           0x08000ffd   Thumb Code     8  stm32f4xx_usart.o(i.USART_SendData)
    UsageFault_Handler                       0x08001005   Thumb Code     2  stm32f4xx_it.o(i.UsageFault_Handler)
    __0printf$8                              0x08001009   Thumb Code    22  printf8.o(i.__0printf$8)
    __1printf$8                              0x08001009   Thumb Code     0  printf8.o(i.__0printf$8)
    __2printf                                0x08001009   Thumb Code     0  printf8.o(i.__0printf$8)
    __0sprintf$8                             0x08001029   Thumb Code    34  printf8.o(i.__0sprintf$8)
    __1sprintf$8                             0x08001029   Thumb Code     0  printf8.o(i.__0sprintf$8)
    __2sprintf                               0x08001029   Thumb Code     0  printf8.o(i.__0sprintf$8)
    __scatterload_copy                       0x08001051   Thumb Code    14  handlers.o(i.__scatterload_copy)
    __scatterload_null                       0x0800105f   Thumb Code     2  handlers.o(i.__scatterload_null)
    __scatterload_zeroinit                   0x08001061   Thumb Code    14  handlers.o(i.__scatterload_zeroinit)
    acquireFPGASoftwareVersion               0x080014dd   Thumb Code    14  device_command.o(i.acquireFPGASoftwareVersion)
    acquireSoftwareVersion                   0x080014f5   Thumb Code    28  device_command.o(i.acquireSoftwareVersion)
    addMsgDataToBuffer                       0x08001521   Thumb Code   232  message_deliver.o(i.addMsgDataToBuffer)
    analysisOneMessage                       0x080016a9   Thumb Code    88  protocol_analysis.o(i.analysisOneMessage)
    cmBacktraceInit                          0x08001705   Thumb Code     4  cm_backtrace.o(i.cmBacktraceInit)
    cm_backtrace_call_stack                  0x08001709   Thumb Code   192  cm_backtrace.o(i.cm_backtrace_call_stack)
    cm_backtrace_fault                       0x080017d1   Thumb Code   422  cm_backtrace.o(i.cm_backtrace_fault)
    cm_backtrace_firmware_info               0x08001a39   Thumb Code    30  cm_backtrace.o(i.cm_backtrace_firmware_info)
    cm_backtrace_init                        0x08001a65   Thumb Code    68  cm_backtrace.o(i.cm_backtrace_init)
    cmdHandle                                0x08001ac1   Thumb Code   176  protocol_analysis.o(i.cmdHandle)
    commandToFunction                        0x08001be1   Thumb Code   208  device_command.o(i.commandToFunction)
    controlAllValues                         0x08001d19   Thumb Code    14  device_command.o(i.controlAllValues)
    controlLevelMotorHold                    0x08001d31   Thumb Code    14  device_command.o(i.controlLevelMotorHold)
    controlLevelMotorMovePosition            0x08001d49   Thumb Code    14  device_command.o(i.controlLevelMotorMovePosition)
    controlLevelMotorMoveSteps               0x08001d61   Thumb Code    14  device_command.o(i.controlLevelMotorMoveSteps)
    controlNeedleSway                        0x08001d79   Thumb Code    14  device_command.o(i.controlNeedleSway)
    controlOneValue                          0x08001d91   Thumb Code    14  device_command.o(i.controlOneValue)
    controlSamplingSelfTest                  0x08001da9   Thumb Code    14  device_command.o(i.controlSamplingSelfTest)
    controlVerticalMotorHold                 0x08001dc1   Thumb Code    14  device_command.o(i.controlVerticalMotorHold)
    controlVerticalMotorMovePosition         0x08001dd9   Thumb Code    14  device_command.o(i.controlVerticalMotorMovePosition)
    controlVerticalMotorMoveSteps            0x08001df1   Thumb Code    14  device_command.o(i.controlVerticalMotorMoveSteps)
    controlVerticalPuncture                  0x08001e09   Thumb Code    14  device_command.o(i.controlVerticalPuncture)
    dataCollectTask                          0x08001e21   Thumb Code    36  message_deliver.o(i.dataCollectTask)
    dataCollectTaskCreate                    0x08001e75   Thumb Code    26  message_deliver.o(i.dataCollectTaskCreate)
    dataCollectTaskNotify                    0x08001ea9   Thumb Code    38  message_deliver.o(i.dataCollectTaskNotify)
    dataHandled                              0x08001edd   Thumb Code    18  protocol_analysis.o(i.dataHandled)
    dataHandledCountUpdate                   0x08001f05   Thumb Code    60  protocol_analysis.o(i.dataHandledCountUpdate)
    dataRecieved                             0x08001f7d   Thumb Code    28  protocol_analysis.o(i.dataRecieved)
    dataRecievedCountUpdate                  0x08001f9d   Thumb Code    20  protocol_analysis.o(i.dataRecievedCountUpdate)
    dataRecievedDataReset                    0x08001fb5   Thumb Code    12  protocol_analysis.o(i.dataRecievedDataReset)
    dataRecievedRefreshed                    0x08001fc5   Thumb Code    42  protocol_analysis.o(i.dataRecievedRefreshed)
    dataSendTask                             0x08001ff5   Thumb Code    74  message_deliver.o(i.dataSendTask)
    dataSendTaskCreate                       0x080020a5   Thumb Code    26  message_deliver.o(i.dataSendTaskCreate)
    deviceCommandCreateMutex                 0x080020d5   Thumb Code    28  device_command.o(i.deviceCommandCreateMutex)
    deviceCommandInit                        0x0800210d   Thumb Code     4  device_command.o(i.deviceCommandInit)
    deviceControlerInit                      0x08002111   Thumb Code    18  device_control.o(i.deviceControlerInit)
    deviceControlerMutexCreate               0x08002125   Thumb Code    80  device_control.o(i.deviceControlerMutexCreate)
    deviceControlerSignalCreate              0x080021cd   Thumb Code    86  device_control.o(i.deviceControlerSignalCreate)
    deviceControlerTask1                     0x08002289   Thumb Code    66  device_control.o(i.deviceControlerTask1)
    deviceControlerTask2                     0x08002331   Thumb Code    66  device_control.o(i.deviceControlerTask2)
    deviceControlerTask3                     0x080023d9   Thumb Code    66  device_control.o(i.deviceControlerTask3)
    deviceControlerTaskCreate                0x08002481   Thumb Code    66  device_control.o(i.deviceControlerTaskCreate)
    eTaskGetState                            0x08002629   Thumb Code    98  tasks.o(i.eTaskGetState)
    fputc                                    0x080028d1   Thumb Code    30  bsp_usart.o(i.fputc)
    generateOneMessage                       0x080028f5   Thumb Code    68  protocol_analysis.o(i.generateOneMessage)
    getControlerStatus                       0x08002939   Thumb Code    44  device_control.o(i.getControlerStatus)
    getMsgDataFromBuffer                     0x08002965   Thumb Code   130  message_deliver.o(i.getMsgDataFromBuffer)
    getMsgStatusFromBuffer                   0x08002a4d   Thumb Code    80  message_deliver.o(i.getMsgStatusFromBuffer)
    getSystemTime                            0x08002ac9   Thumb Code     6  bsp_timer.o(i.getSystemTime)
    initLevelMotor                           0x08002b55   Thumb Code    14  device_command.o(i.initLevelMotor)
    initVerticalMotor                        0x08002b6d   Thumb Code    14  device_command.o(i.initVerticalMotor)
    main                                     0x08002b85   Thumb Code    38  main.o(i.main)
    messageDeliverInit                       0x08002bed   Thumb Code    32  message_deliver.o(i.messageDeliverInit)
    messageDeliverMutexCreate                0x08002c11   Thumb Code    28  message_deliver.o(i.messageDeliverMutexCreate)
    messageDeliverSignalCreate               0x08002c59   Thumb Code    30  message_deliver.o(i.messageDeliverSignalCreate)
    printData                                0x08002ca9   Thumb Code    40  protocol_analysis.o(i.printData)
    print_call_stack                         0x08002cdd   Thumb Code   118  cm_backtrace.o(i.print_call_stack)
    protocolBeginAdd                         0x08002d71   Thumb Code    16  protocol_analysis.o(i.protocolBeginAdd)
    protocolBeginCheck                       0x08002d81   Thumb Code    36  protocol_analysis.o(i.protocolBeginCheck)
    protocolDataCsAdd                        0x08002da9   Thumb Code    32  protocol_analysis.o(i.protocolDataCsAdd)
    protocolDataCsCheck                      0x08002dc9   Thumb Code   142  protocol_analysis.o(i.protocolDataCsCheck)
    protocolDataEndAdd                       0x08002e89   Thumb Code    16  protocol_analysis.o(i.protocolDataEndAdd)
    protocolDataForForward                   0x08002e99   Thumb Code    28  protocol_analysis.o(i.protocolDataForForward)
    protocolDataLengthAdd                    0x08002eb9   Thumb Code    18  protocol_analysis.o(i.protocolDataLengthAdd)
    protocolDataLengthCheck                  0x08002ecd   Thumb Code    78  protocol_analysis.o(i.protocolDataLengthCheck)
    protocolDataToCmd                        0x08002f6d   Thumb Code   160  protocol_analysis.o(i.protocolDataToCmd)
    protocolDataToDevice                     0x0800306d   Thumb Code    62  protocol_analysis.o(i.protocolDataToDevice)
    pvPortMalloc                             0x08003905   Thumb Code   208  heap_4.o(i.pvPortMalloc)
    pvTaskIncrementMutexHeldCount            0x080039d9   Thumb Code    20  tasks.o(i.pvTaskIncrementMutexHeldCount)
    pxPortInitialiseStack                    0x080039f1   Thumb Code    30  port.o(i.pxPortInitialiseStack)
    resetAllValues                           0x08003a15   Thumb Code    14  device_command.o(i.resetAllValues)
    resetLevelMotor                          0x08003a2d   Thumb Code    14  device_command.o(i.resetLevelMotor)
    resetVerticalMotor                       0x08003a45   Thumb Code    14  device_command.o(i.resetVerticalMotor)
    sendMessage                              0x08003a5d   Thumb Code    66  message_deliver.o(i.sendMessage)
    sendOneMessageToHost                     0x08003abd   Thumb Code    46  protocol_analysis.o(i.sendOneMessageToHost)
    setControlerStatus                       0x08003aed   Thumb Code    80  device_control.o(i.setControlerStatus)
    stopAllMotors                            0x08003b95   Thumb Code    14  device_command.o(i.stopAllMotors)
    taskAssignment                           0x08003bad   Thumb Code   258  device_control.o(i.taskAssignment)
    ulTaskNotifyTake                         0x08003cd5   Thumb Code    96  tasks.o(i.ulTaskNotifyTake)
    uxListRemove                             0x08003d3d   Thumb Code    36  list.o(i.uxListRemove)
    uxTaskGetSystemState                     0x08003d61   Thumb Code   162  tasks.o(i.uxTaskGetSystemState)
    vListInitialise                          0x08003e11   Thumb Code    22  list.o(i.vListInitialise)
    vListInitialiseItem                      0x08003e27   Thumb Code     6  list.o(i.vListInitialiseItem)
    vListInsert                              0x08003e2d   Thumb Code    48  list.o(i.vListInsert)
    vListInsertEnd                           0x08003e5d   Thumb Code    24  list.o(i.vListInsertEnd)
    vPortEnterCritical                       0x08003e75   Thumb Code    54  port.o(i.vPortEnterCritical)
    vPortExitCritical                        0x08003eb5   Thumb Code    38  port.o(i.vPortExitCritical)
    vPortFree                                0x08003ee1   Thumb Code    88  heap_4.o(i.vPortFree)
    vPortSetupTimerInterrupt                 0x08003f3d   Thumb Code    14  port.o(i.vPortSetupTimerInterrupt)
    vPortValidateInterruptPriority           0x08003f51   Thumb Code    74  port.o(i.vPortValidateInterruptPriority)
    vQueueWaitForMessageRestricted           0x08003fa5   Thumb Code    70  queue.o(i.vQueueWaitForMessageRestricted)
    vTaskDelay                               0x08003fed   Thumb Code    70  tasks.o(i.vTaskDelay)
    vTaskGetInfo                             0x0800403d   Thumb Code   120  tasks.o(i.vTaskGetInfo)
    vTaskGetRunTimeStats                     0x080040b9   Thumb Code   162  tasks.o(i.vTaskGetRunTimeStats)
    vTaskList                                0x08004179   Thumb Code   168  tasks.o(i.vTaskList)
    vTaskMissedYield                         0x08004235   Thumb Code     8  tasks.o(i.vTaskMissedYield)
    vTaskName                                0x08004241   Thumb Code     8  tasks.o(i.vTaskName)
    vTaskNotifyGiveFromISR                   0x0800424d   Thumb Code   180  tasks.o(i.vTaskNotifyGiveFromISR)
    vTaskPlaceOnEventList                    0x08004309   Thumb Code    46  tasks.o(i.vTaskPlaceOnEventList)
    vTaskPlaceOnEventListRestricted          0x0800433d   Thumb Code    54  tasks.o(i.vTaskPlaceOnEventListRestricted)
    vTaskPriorityInherit                     0x08004379   Thumb Code   126  tasks.o(i.vTaskPriorityInherit)
    vTaskSetTimeOutState                     0x08004401   Thumb Code    32  tasks.o(i.vTaskSetTimeOutState)
    vTaskStackAddr                           0x08004425   Thumb Code     8  tasks.o(i.vTaskStackAddr)
    vTaskStackSize                           0x08004431   Thumb Code     8  tasks.o(i.vTaskStackSize)
    vTaskStartScheduler                      0x0800443d   Thumb Code    98  tasks.o(i.vTaskStartScheduler)
    vTaskSuspendAll                          0x080044b5   Thumb Code    10  tasks.o(i.vTaskSuspendAll)
    vTaskSwitchContext                       0x080044c5   Thumb Code   112  tasks.o(i.vTaskSwitchContext)
    viewTaskStatus                           0x08004541   Thumb Code    52  debug.o(i.viewTaskStatus)
    wakeupDeviceControler                    0x080045bd   Thumb Code    30  device_control.o(i.wakeupDeviceControler)
    wakeupMessageDeliver                     0x08004611   Thumb Code    26  message_deliver.o(i.wakeupMessageDeliver)
    xPortStartScheduler                      0x08004661   Thumb Code   204  port.o(i.xPortStartScheduler)
    xQueueCreateCountingSemaphore            0x08004741   Thumb Code    60  queue.o(i.xQueueCreateCountingSemaphore)
    xQueueCreateMutex                        0x0800477d   Thumb Code    24  queue.o(i.xQueueCreateMutex)
    xQueueGenericCreate                      0x08004795   Thumb Code    68  queue.o(i.xQueueGenericCreate)
    xQueueGenericReceive                     0x080047d9   Thumb Code   388  queue.o(i.xQueueGenericReceive)
    xQueueGenericReset                       0x08004961   Thumb Code   134  queue.o(i.xQueueGenericReset)
    xQueueGenericSend                        0x080049ed   Thumb Code   352  queue.o(i.xQueueGenericSend)
    xQueueGenericSendFromISR                 0x08004b51   Thumb Code   190  queue.o(i.xQueueGenericSendFromISR)
    xTaskCheckForTimeOut                     0x08004c11   Thumb Code   112  tasks.o(i.xTaskCheckForTimeOut)
    xTaskCreate                              0x08004c85   Thumb Code    96  tasks.o(i.xTaskCreate)
    xTaskGetSchedulerState                   0x08004ce5   Thumb Code    24  tasks.o(i.xTaskGetSchedulerState)
    xTaskGetTickCount                        0x08004d01   Thumb Code     6  tasks.o(i.xTaskGetTickCount)
    xTaskIncrementTick                       0x08004d0d   Thumb Code   196  tasks.o(i.xTaskIncrementTick)
    xTaskPriorityDisinherit                  0x08004dd9   Thumb Code   144  tasks.o(i.xTaskPriorityDisinherit)
    xTaskRemoveFromEventList                 0x08004e71   Thumb Code   114  tasks.o(i.xTaskRemoveFromEventList)
    xTaskResumeAll                           0x08004eed   Thumb Code   192  tasks.o(i.xTaskResumeAll)
    xTimerCreateTimerTask                    0x08004fb9   Thumb Code    60  timers.o(i.xTimerCreateTimerTask)
    xTimerGenericCommand                     0x08005005   Thumb Code    98  timers.o(i.xTimerGenericCommand)
    Region$$Table$$Base                      0x08005adc   Number         0  anon$$obj.o(Region$$Table)
    Image$$ER_IROM1$$Limit                   0x08005afc   Number         0  anon$$obj.o ABSOLUTE
    Region$$Table$$Limit                     0x08005afc   Number         0  anon$$obj.o(Region$$Table)
    uiTimerCount                             0x20000010   Data           4  bsp_timer.o(.data)
    WE                                       0x20000028   Data          12  bsp_data_port.o(.data)
    RE                                       0x20000034   Data          12  bsp_data_port.o(.data)
    Address                                  0x20000040   Data         144  bsp_data_port.o(.data)
    Data                                     0x200000d0   Data          96  bsp_data_port.o(.data)
    tRWMutex                                 0x20000134   Data           4  device_command.o(.data)
    pxCurrentTCB                             0x20000138   Data           4  tasks.o(.data)
    __stdout                                 0x20000254   Data           4  stdout.o(.data)
    tProtocolData                            0x20000258   Data         172  protocol_analysis.o(.bss)
    tDeviceCmdData                           0x20000304   Data         704  protocol_analysis.o(.bss)
    deviceControler1                         0x200005c4   Data          52  device_control.o(.bss)
    deviceControler2                         0x200005f8   Data          52  device_control.o(.bss)
    deviceControler3                         0x2000062c   Data          52  device_control.o(.bss)
    tHostMsgTransfer                         0x20000660   Data         644  message_deliver.o(.bss)
    tDeviceMsgTransfer                       0x200008e4   Data         644  message_deliver.o(.bss)
    tMsgControler                            0x20000b68   Data          16  message_deliver.o(.bss)
    ucWriteBuffer                            0x20000b78   Data         500  debug.o(.bss)
    tStack                                   0x20000d6c   Data         432  debug.o(.bss)
    STACK$$Base                              0x20013d40   Number         0  startup_stm32f429_439xx.o(STACK)
    STACK$$Limit                             0x20014140   Number         0  startup_stm32f429_439xx.o(STACK)
    __initial_sp                             0x20014140   Data           0  startup_stm32f429_439xx.o(STACK)



==============================================================================

Memory Map of the image

  Image Entry point : 0x080001ad

  Load Region LR_IROM1 (Base: 0x08000000, Size: 0x00005d54, Max: 0x00100000, ABSOLUTE, COMPRESSED[0x00005b9c])

    Execution Region ER_IROM1 (Base: 0x08000000, Size: 0x00005afc, Max: 0x00100000, ABSOLUTE)

    Base Addr    Size         Type   Attr      Idx    E Section Name        Object

    0x08000000   0x000001ac   Data   RO            3    RESET               startup_stm32f429_439xx.o
    0x080001ac   0x00000000   Code   RO         7381  * .ARM.Collect$$$$00000000  mc_w.l(entry.o)
    0x080001ac   0x00000004   Code   RO         7657    .ARM.Collect$$$$00000001  mc_w.l(entry2.o)
    0x080001b0   0x00000004   Code   RO         7660    .ARM.Collect$$$$00000004  mc_w.l(entry5.o)
    0x080001b4   0x00000000   Code   RO         7662    .ARM.Collect$$$$00000008  mc_w.l(entry7b.o)
    0x080001b4   0x00000000   Code   RO         7664    .ARM.Collect$$$$0000000A  mc_w.l(entry8b.o)
    0x080001b4   0x00000008   Code   RO         7665    .ARM.Collect$$$$0000000B  mc_w.l(entry9a.o)
    0x080001bc   0x00000000   Code   RO         7667    .ARM.Collect$$$$0000000D  mc_w.l(entry10a.o)
    0x080001bc   0x00000000   Code   RO         7669    .ARM.Collect$$$$0000000F  mc_w.l(entry11a.o)
    0x080001bc   0x00000004   Code   RO         7658    .ARM.Collect$$$$00002712  mc_w.l(entry2.o)
    0x080001c0   0x000000b6   Code   RO         7023    .emb_text           port.o
    0x08000276   0x00000002   PAD
    0x08000278   0x00000010   Code   RO         7280    .emb_text           cm_backtrace.o
    0x08000288   0x00000024   Code   RO            4    .text               startup_stm32f429_439xx.o
    0x080002ac   0x0000000c   Code   RO         7377    .text               hardfault.o
    0x080002b8   0x00000024   Code   RO         7384    .text               mc_w.l(memcpya.o)
    0x080002dc   0x00000024   Code   RO         7386    .text               mc_w.l(memseta.o)
    0x08000300   0x00000018   Code   RO         7388    .text               mc_w.l(strncpy.o)
    0x08000318   0x0000000e   Code   RO         7390    .text               mc_w.l(strlen.o)
    0x08000326   0x00000012   Code   RO         7392    .text               mc_w.l(strcpy.o)
    0x08000338   0x00000062   Code   RO         7674    .text               mc_w.l(uldiv.o)
    0x0800039a   0x00000002   PAD
    0x0800039c   0x00000024   Code   RO         7687    .text               mc_w.l(init.o)
    0x080003c0   0x0000001e   Code   RO         7689    .text               mc_w.l(llshl.o)
    0x080003de   0x00000020   Code   RO         7691    .text               mc_w.l(llushr.o)
    0x080003fe   0x00000056   Code   RO         7705    .text               mc_w.l(__dczerorl2.o)
    0x08000454   0x00000060   Code   RO         5910    i.BSP_DATAPORT_CLK_Enable  bsp_data_port.o
    0x080004b4   0x00000054   Code   RO         5912    i.BSP_DATAPORT_INT_Init  bsp_data_port.o
    0x08000508   0x00000020   Code   RO         5913    i.BSP_DATAPORT_INT_NVIC_Disable  bsp_data_port.o
    0x08000528   0x00000026   Code   RO         5914    i.BSP_DATAPORT_INT_NVIC_Enable  bsp_data_port.o
    0x0800054e   0x00000002   PAD
    0x08000550   0x00000024   Code   RO         5915    i.BSP_DATAPORT_Init  bsp_data_port.o
    0x08000574   0x00000010   Code   RO         5918    i.BSP_DATAPORT_Read_Disable  bsp_data_port.o
    0x08000584   0x00000010   Code   RO         5921    i.BSP_DATAPORT_Write_Disable  bsp_data_port.o
    0x08000594   0x00000054   Code   RO         5923    i.BSP_DATAPORT_Write_Read_Init  bsp_data_port.o
    0x080005e8   0x00000020   Code   RO         6372    i.BSP_EXTI_INT_NVIC_Disable  bsp_exti.o
    0x08000608   0x00000012   Code   RO         5162    i.BSP_Init          main.o
    0x0800061a   0x0000000e   Code   RO         5271    i.BSP_TIMER_Init    bsp_timer.o
    0x08000628   0x00000054   Code   RO         5272    i.BSP_TIMER_Mode_Init  bsp_timer.o
    0x0800067c   0x00000028   Code   RO         5273    i.BSP_TIMER_Nvic_Init  bsp_timer.o
    0x080006a4   0x000000cc   Code   RO         5320    i.BSP_USART1_Init   bsp_usart.o
    0x08000770   0x000000cc   Code   RO         5321    i.BSP_USART2_Init   bsp_usart.o
    0x0800083c   0x0000000e   Code   RO         5322    i.BSP_USART_Init    bsp_usart.o
    0x0800084a   0x00000002   PAD
    0x0800084c   0x00000030   Code   RO         5323    i.BSP_USART_Send    bsp_usart.o
    0x0800087c   0x00000002   Code   RO         5675    i.BusFault_Handler  stm32f4xx_it.o
    0x0800087e   0x00000002   Code   RO         5676    i.DebugMon_Handler  stm32f4xx_it.o
    0x08000880   0x00000034   Code   RO         5924    i.EXTI2_IRQHandler  bsp_data_port.o
    0x080008b4   0x00000018   Code   RO         6374    i.EXTI9_5_IRQHandler  bsp_exti.o
    0x080008cc   0x0000000c   Code   RO         1485    i.EXTI_ClearITPendingBit  stm32f4xx_exti.o
    0x080008d8   0x00000014   Code   RO         1489    i.EXTI_GetITStatus  stm32f4xx_exti.o
    0x080008ec   0x00000074   Code   RO         1490    i.EXTI_Init         stm32f4xx_exti.o
    0x08000960   0x0000007c   Code   RO         2046    i.GPIO_Init         stm32f4xx_gpio.o
    0x080009dc   0x00000020   Code   RO         2047    i.GPIO_PinAFConfig  stm32f4xx_gpio.o
    0x080009fc   0x0000000c   Code   RO         2058    i.GPIO_WriteBit     stm32f4xx_gpio.o
    0x08000a08   0x00000002   Code   RO         5677    i.MemManage_Handler  stm32f4xx_it.o
    0x08000a0a   0x00000002   Code   RO         5678    i.NMI_Handler       stm32f4xx_it.o
    0x08000a0c   0x00000068   Code   RO          164    i.NVIC_Init         misc.o
    0x08000a74   0x00000014   Code   RO          165    i.NVIC_PriorityGroupConfig  misc.o
    0x08000a88   0x0000001c   Code   RO         2960    i.RCC_AHB1PeriphClockCmd  stm32f4xx_rcc.o
    0x08000aa4   0x0000001c   Code   RO         2969    i.RCC_APB1PeriphClockCmd  stm32f4xx_rcc.o
    0x08000ac0   0x0000001c   Code   RO         2972    i.RCC_APB2PeriphClockCmd  stm32f4xx_rcc.o
    0x08000adc   0x000000a4   Code   RO         2981    i.RCC_GetClocksFreq  stm32f4xx_rcc.o
    0x08000b80   0x0000002c   Code   RO         4280    i.SYSCFG_EXTILineConfig  stm32f4xx_syscfg.o
    0x08000bac   0x000000d4   Code   RO           13    i.SetSysClock       system_stm32f4xx.o
    0x08000c80   0x0000002c   Code   RO         7024    i.SysTick_Handler   port.o
    0x08000cac   0x0000005c   Code   RO           15    i.SystemInit        system_stm32f4xx.o
    0x08000d08   0x00000030   Code   RO         5274    i.TIM1_UP_TIM10_IRQHandler  bsp_timer.o
    0x08000d38   0x00000006   Code   RO         4347    i.TIM_ClearFlag     stm32f4xx_tim.o
    0x08000d3e   0x00000006   Code   RO         4348    i.TIM_ClearITPendingBit  stm32f4xx_tim.o
    0x08000d44   0x00000018   Code   RO         4353    i.TIM_Cmd           stm32f4xx_tim.o
    0x08000d5c   0x00000018   Code   RO         4374    i.TIM_GetITStatus   stm32f4xx_tim.o
    0x08000d74   0x00000014   Code   RO         4378    i.TIM_ITConfig      stm32f4xx_tim.o
    0x08000d88   0x0000007c   Code   RO         4425    i.TIM_TimeBaseInit  stm32f4xx_tim.o
    0x08000e04   0x00000044   Code   RO         5324    i.USART1_IRQHandler  bsp_usart.o
    0x08000e48   0x0000004c   Code   RO         5325    i.USART2_IRQHandler  bsp_usart.o
    0x08000e94   0x00000008   Code   RO         4903    i.USART_ClearFlag   stm32f4xx_usart.o
    0x08000e9c   0x00000018   Code   RO         4907    i.USART_Cmd         stm32f4xx_usart.o
    0x08000eb4   0x0000000e   Code   RO         4910    i.USART_GetFlagStatus  stm32f4xx_usart.o
    0x08000ec2   0x00000040   Code   RO         4911    i.USART_GetITStatus  stm32f4xx_usart.o
    0x08000f02   0x00000036   Code   RO         4913    i.USART_ITConfig    stm32f4xx_usart.o
    0x08000f38   0x000000bc   Code   RO         4914    i.USART_Init        stm32f4xx_usart.o
    0x08000ff4   0x00000008   Code   RO         4921    i.USART_ReceiveData  stm32f4xx_usart.o
    0x08000ffc   0x00000008   Code   RO         4924    i.USART_SendData    stm32f4xx_usart.o
    0x08001004   0x00000002   Code   RO         5679    i.UsageFault_Handler  stm32f4xx_it.o
    0x08001006   0x00000002   PAD
    0x08001008   0x00000020   Code   RO         7603    i.__0printf$8       mc_w.l(printf8.o)
    0x08001028   0x00000028   Code   RO         7605    i.__0sprintf$8      mc_w.l(printf8.o)
    0x08001050   0x0000000e   Code   RO         7699    i.__scatterload_copy  mc_w.l(handlers.o)
    0x0800105e   0x00000002   Code   RO         7700    i.__scatterload_null  mc_w.l(handlers.o)
    0x08001060   0x0000000e   Code   RO         7701    i.__scatterload_zeroinit  mc_w.l(handlers.o)
    0x0800106e   0x00000002   PAD
    0x08001070   0x00000410   Code   RO         7610    i._printf_core      mc_w.l(printf8.o)
    0x08001480   0x00000024   Code   RO         7611    i._printf_post_padding  mc_w.l(printf8.o)
    0x080014a4   0x0000002e   Code   RO         7612    i._printf_pre_padding  mc_w.l(printf8.o)
    0x080014d2   0x0000000a   Code   RO         7614    i._sputc            mc_w.l(printf8.o)
    0x080014dc   0x00000018   Code   RO         6026    i.acquireFPGASoftwareVersion  device_command.o
    0x080014f4   0x0000002c   Code   RO         6029    i.acquireSoftwareVersion  device_command.o
    0x08001520   0x00000188   Code   RO         5771    i.addMsgDataToBuffer  message_deliver.o
    0x080016a8   0x0000005c   Code   RO         5390    i.analysisOneMessage  protocol_analysis.o
    0x08001704   0x00000004   Code   RO         7281    i.cmBacktraceInit   cm_backtrace.o
    0x08001708   0x000000c8   Code   RO         7283    i.cm_backtrace_call_stack  cm_backtrace.o
    0x080017d0   0x00000268   Code   RO         7284    i.cm_backtrace_fault  cm_backtrace.o
    0x08001a38   0x0000002c   Code   RO         7285    i.cm_backtrace_firmware_info  cm_backtrace.o
    0x08001a64   0x0000005c   Code   RO         7286    i.cm_backtrace_init  cm_backtrace.o
    0x08001ac0   0x00000120   Code   RO         5391    i.cmdHandle         protocol_analysis.o
    0x08001be0   0x00000138   Code   RO         6031    i.commandToFunction  device_command.o
    0x08001d18   0x00000018   Code   RO         6032    i.controlAllValues  device_command.o
    0x08001d30   0x00000018   Code   RO         6033    i.controlLevelMotorHold  device_command.o
    0x08001d48   0x00000018   Code   RO         6034    i.controlLevelMotorMovePosition  device_command.o
    0x08001d60   0x00000018   Code   RO         6035    i.controlLevelMotorMoveSteps  device_command.o
    0x08001d78   0x00000018   Code   RO         6036    i.controlNeedleSway  device_command.o
    0x08001d90   0x00000018   Code   RO         6037    i.controlOneValue   device_command.o
    0x08001da8   0x00000018   Code   RO         6038    i.controlSamplingSelfTest  device_command.o
    0x08001dc0   0x00000018   Code   RO         6039    i.controlVerticalMotorHold  device_command.o
    0x08001dd8   0x00000018   Code   RO         6040    i.controlVerticalMotorMovePosition  device_command.o
    0x08001df0   0x00000018   Code   RO         6041    i.controlVerticalMotorMoveSteps  device_command.o
    0x08001e08   0x00000018   Code   RO         6042    i.controlVerticalPuncture  device_command.o
    0x08001e20   0x00000054   Code   RO         5772    i.dataCollectTask   message_deliver.o
    0x08001e74   0x00000034   Code   RO         5773    i.dataCollectTaskCreate  message_deliver.o
    0x08001ea8   0x00000034   Code   RO         5774    i.dataCollectTaskNotify  message_deliver.o
    0x08001edc   0x00000028   Code   RO         5393    i.dataHandled       protocol_analysis.o
    0x08001f04   0x00000078   Code   RO         5394    i.dataHandledCountUpdate  protocol_analysis.o
    0x08001f7c   0x00000020   Code   RO         5395    i.dataRecieved      protocol_analysis.o
    0x08001f9c   0x00000018   Code   RO         5396    i.dataRecievedCountUpdate  protocol_analysis.o
    0x08001fb4   0x00000010   Code   RO         5397    i.dataRecievedDataReset  protocol_analysis.o
    0x08001fc4   0x00000030   Code   RO         5398    i.dataRecievedRefreshed  protocol_analysis.o
    0x08001ff4   0x000000b0   Code   RO         5775    i.dataSendTask      message_deliver.o
    0x080020a4   0x00000030   Code   RO         5776    i.dataSendTaskCreate  message_deliver.o
    0x080020d4   0x00000038   Code   RO         6043    i.deviceCommandCreateMutex  device_command.o
    0x0800210c   0x00000004   Code   RO         6044    i.deviceCommandInit  device_command.o
    0x08002110   0x00000012   Code   RO         5562    i.deviceControlerInit  device_control.o
    0x08002122   0x00000002   PAD
    0x08002124   0x000000a8   Code   RO         5563    i.deviceControlerMutexCreate  device_control.o
    0x080021cc   0x000000bc   Code   RO         5564    i.deviceControlerSignalCreate  device_control.o
    0x08002288   0x000000a8   Code   RO         5565    i.deviceControlerTask1  device_control.o
    0x08002330   0x000000a8   Code   RO         5566    i.deviceControlerTask2  device_control.o
    0x080023d8   0x000000a8   Code   RO         5567    i.deviceControlerTask3  device_control.o
    0x08002480   0x00000090   Code   RO         5568    i.deviceControlerTaskCreate  device_control.o
    0x08002510   0x0000008c   Code   RO         7287    i.dump_cur_thread_stack  cm_backtrace.o
    0x0800259c   0x0000008c   Code   RO         7288    i.dump_main_stack   cm_backtrace.o
    0x08002628   0x0000006c   Code   RO         6413    i.eTaskGetState     tasks.o
    0x08002694   0x0000023c   Code   RO         7289    i.fault_diagnosis   cm_backtrace.o
    0x080028d0   0x00000024   Code   RO         5327    i.fputc             bsp_usart.o
    0x080028f4   0x00000044   Code   RO         5399    i.generateOneMessage  protocol_analysis.o
    0x08002938   0x0000002c   Code   RO         5569    i.getControlerStatus  device_control.o
    0x08002964   0x000000e8   Code   RO         5777    i.getMsgDataFromBuffer  message_deliver.o
    0x08002a4c   0x0000007c   Code   RO         5778    i.getMsgStatusFromBuffer  message_deliver.o
    0x08002ac8   0x0000000c   Code   RO         5275    i.getSystemTime     bsp_timer.o
    0x08002ad4   0x00000004   Code   RO         7290    i.get_cur_thread_name  cm_backtrace.o
    0x08002ad8   0x0000007c   Code   RO         7291    i.get_cur_thread_stack_info  cm_backtrace.o
    0x08002b54   0x00000018   Code   RO         6045    i.initLevelMotor    device_command.o
    0x08002b6c   0x00000018   Code   RO         6046    i.initVerticalMotor  device_command.o
    0x08002b84   0x00000068   Code   RO         5163    i.main              main.o
    0x08002bec   0x00000024   Code   RO         5779    i.messageDeliverInit  message_deliver.o
    0x08002c10   0x00000048   Code   RO         5780    i.messageDeliverMutexCreate  message_deliver.o
    0x08002c58   0x00000050   Code   RO         5781    i.messageDeliverSignalCreate  message_deliver.o
    0x08002ca8   0x00000034   Code   RO         5400    i.printData         protocol_analysis.o
    0x08002cdc   0x00000094   Code   RO         7293    i.print_call_stack  cm_backtrace.o
    0x08002d70   0x00000010   Code   RO         5401    i.protocolBeginAdd  protocol_analysis.o
    0x08002d80   0x00000028   Code   RO         5402    i.protocolBeginCheck  protocol_analysis.o
    0x08002da8   0x00000020   Code   RO         5403    i.protocolDataCsAdd  protocol_analysis.o
    0x08002dc8   0x000000c0   Code   RO         5404    i.protocolDataCsCheck  protocol_analysis.o
    0x08002e88   0x00000010   Code   RO         5405    i.protocolDataEndAdd  protocol_analysis.o
    0x08002e98   0x00000020   Code   RO         5406    i.protocolDataForForward  protocol_analysis.o
    0x08002eb8   0x00000012   Code   RO         5407    i.protocolDataLengthAdd  protocol_analysis.o
    0x08002eca   0x00000002   PAD
    0x08002ecc   0x000000a0   Code   RO         5408    i.protocolDataLengthCheck  protocol_analysis.o
    0x08002f6c   0x00000100   Code   RO         5409    i.protocolDataToCmd  protocol_analysis.o
    0x0800306c   0x00000044   Code   RO         5410    i.protocolDataToDevice  protocol_analysis.o
    0x080030b0   0x00000070   Code   RO         6415    i.prvAddCurrentTaskToDelayedList  tasks.o
    0x08003120   0x0000008c   Code   RO         6416    i.prvAddNewTaskToReadyList  tasks.o
    0x080031ac   0x00000040   Code   RO         7162    i.prvCheckForValidListAndQueue  timers.o
    0x080031ec   0x00000054   Code   RO         6417    i.prvCheckTasksWaitingTermination  tasks.o
    0x08003240   0x00000028   Code   RO         6826    i.prvCopyDataFromQueue  queue.o
    0x08003268   0x0000006e   Code   RO         6827    i.prvCopyDataToQueue  queue.o
    0x080032d6   0x00000014   Code   RO         6418    i.prvDeleteTCB      tasks.o
    0x080032ea   0x00000002   PAD
    0x080032ec   0x00000024   Code   RO         7163    i.prvGetNextExpireTime  timers.o
    0x08003310   0x0000004c   Code   RO         7100    i.prvHeapInit       heap_4.o
    0x0800335c   0x00000028   Code   RO         6419    i.prvIdleTask       tasks.o
    0x08003384   0x00000018   Code   RO         6828    i.prvInitialiseMutex  queue.o
    0x0800339c   0x00000022   Code   RO         6829    i.prvInitialiseNewQueue  queue.o
    0x080033be   0x000000a4   Code   RO         6420    i.prvInitialiseNewTask  tasks.o
    0x08003462   0x00000002   PAD
    0x08003464   0x00000058   Code   RO         6421    i.prvInitialiseTaskLists  tasks.o
    0x080034bc   0x00000054   Code   RO         7101    i.prvInsertBlockIntoFreeList  heap_4.o
    0x08003510   0x00000040   Code   RO         7165    i.prvInsertTimerInActiveList  timers.o
    0x08003550   0x0000001a   Code   RO         6830    i.prvIsQueueEmpty   queue.o
    0x0800356a   0x0000001e   Code   RO         6831    i.prvIsQueueFull    queue.o
    0x08003588   0x0000005c   Code   RO         6422    i.prvListTasksWithinSingleList  tasks.o
    0x080035e4   0x0000005c   Code   RO         7166    i.prvProcessExpiredTimer  timers.o
    0x08003640   0x000000b8   Code   RO         7167    i.prvProcessReceivedCommands  timers.o
    0x080036f8   0x0000006c   Code   RO         7168    i.prvProcessTimerOrBlockTask  timers.o
    0x08003764   0x00000024   Code   RO         6423    i.prvResetNextTaskUnblockTime  tasks.o
    0x08003788   0x0000002c   Code   RO         7169    i.prvSampleTimeNow  timers.o
    0x080037b4   0x0000006c   Code   RO         7170    i.prvSwitchTimerLists  timers.o
    0x08003820   0x00000014   Code   RO         6424    i.prvTaskCheckFreeStackSpace  tasks.o
    0x08003834   0x0000002c   Code   RO         7025    i.prvTaskExitError  port.o
    0x08003860   0x00000014   Code   RO         7171    i.prvTimerTask      timers.o
    0x08003874   0x0000006a   Code   RO         6832    i.prvUnlockQueue    queue.o
    0x080038de   0x00000024   Code   RO         6426    i.prvWriteNameToBuffer  tasks.o
    0x08003902   0x00000002   PAD
    0x08003904   0x000000d4   Code   RO         7102    i.pvPortMalloc      heap_4.o
    0x080039d8   0x00000018   Code   RO         6427    i.pvTaskIncrementMutexHeldCount  tasks.o
    0x080039f0   0x00000024   Code   RO         7026    i.pxPortInitialiseStack  port.o
    0x08003a14   0x00000018   Code   RO         6051    i.resetAllValues    device_command.o
    0x08003a2c   0x00000018   Code   RO         6052    i.resetLevelMotor   device_command.o
    0x08003a44   0x00000018   Code   RO         6053    i.resetVerticalMotor  device_command.o
    0x08003a5c   0x00000060   Code   RO         5782    i.sendMessage       message_deliver.o
    0x08003abc   0x0000002e   Code   RO         5411    i.sendOneMessageToHost  protocol_analysis.o
    0x08003aea   0x00000002   PAD
    0x08003aec   0x0000008c   Code   RO         5570    i.setControlerStatus  device_control.o
    0x08003b78   0x0000001c   Code   RO         7294    i.statck_del_fpu_regs  cm_backtrace.o
    0x08003b94   0x00000018   Code   RO         6060    i.stopAllMotors     device_command.o
    0x08003bac   0x00000128   Code   RO         5571    i.taskAssignment    device_control.o
    0x08003cd4   0x00000068   Code   RO         6428    i.ulTaskNotifyTake  tasks.o
    0x08003d3c   0x00000024   Code   RO         6987    i.uxListRemove      list.o
    0x08003d60   0x000000b0   Code   RO         6430    i.uxTaskGetSystemState  tasks.o
    0x08003e10   0x00000016   Code   RO         6988    i.vListInitialise   list.o
    0x08003e26   0x00000006   Code   RO         6989    i.vListInitialiseItem  list.o
    0x08003e2c   0x00000030   Code   RO         6990    i.vListInsert       list.o
    0x08003e5c   0x00000018   Code   RO         6991    i.vListInsertEnd    list.o
    0x08003e74   0x00000040   Code   RO         7028    i.vPortEnterCritical  port.o
    0x08003eb4   0x0000002c   Code   RO         7029    i.vPortExitCritical  port.o
    0x08003ee0   0x0000005c   Code   RO         7103    i.vPortFree         heap_4.o
    0x08003f3c   0x00000014   Code   RO         7030    i.vPortSetupTimerInterrupt  port.o
    0x08003f50   0x00000054   Code   RO         7031    i.vPortValidateInterruptPriority  port.o
    0x08003fa4   0x00000046   Code   RO         6840    i.vQueueWaitForMessageRestricted  queue.o
    0x08003fea   0x00000002   PAD
    0x08003fec   0x00000050   Code   RO         6435    i.vTaskDelay        tasks.o
    0x0800403c   0x0000007c   Code   RO         6439    i.vTaskGetInfo      tasks.o
    0x080040b8   0x000000c0   Code   RO         6440    i.vTaskGetRunTimeStats  tasks.o
    0x08004178   0x000000bc   Code   RO         6441    i.vTaskList         tasks.o
    0x08004234   0x0000000c   Code   RO         6442    i.vTaskMissedYield  tasks.o
    0x08004240   0x0000000c   Code   RO         6443    i.vTaskName         tasks.o
    0x0800424c   0x000000bc   Code   RO         6444    i.vTaskNotifyGiveFromISR  tasks.o
    0x08004308   0x00000034   Code   RO         6445    i.vTaskPlaceOnEventList  tasks.o
    0x0800433c   0x0000003c   Code   RO         6446    i.vTaskPlaceOnEventListRestricted  tasks.o
    0x08004378   0x00000088   Code   RO         6448    i.vTaskPriorityInherit  tasks.o
    0x08004400   0x00000024   Code   RO         6452    i.vTaskSetTimeOutState  tasks.o
    0x08004424   0x0000000c   Code   RO         6453    i.vTaskStackAddr    tasks.o
    0x08004430   0x0000000c   Code   RO         6455    i.vTaskStackSize    tasks.o
    0x0800443c   0x00000078   Code   RO         6456    i.vTaskStartScheduler  tasks.o
    0x080044b4   0x00000010   Code   RO         6459    i.vTaskSuspendAll   tasks.o
    0x080044c4   0x0000007c   Code   RO         6460    i.vTaskSwitchContext  tasks.o
    0x08004540   0x0000007c   Code   RO         5873    i.viewTaskStatus    debug.o
    0x080045bc   0x00000054   Code   RO         5573    i.wakeupDeviceControler  device_control.o
    0x08004610   0x00000050   Code   RO         5783    i.wakeupMessageDeliver  message_deliver.o
    0x08004660   0x000000e0   Code   RO         7032    i.xPortStartScheduler  port.o
    0x08004740   0x0000003c   Code   RO         6841    i.xQueueCreateCountingSemaphore  queue.o
    0x0800477c   0x00000018   Code   RO         6842    i.xQueueCreateMutex  queue.o
    0x08004794   0x00000044   Code   RO         6843    i.xQueueGenericCreate  queue.o
    0x080047d8   0x00000188   Code   RO         6844    i.xQueueGenericReceive  queue.o
    0x08004960   0x0000008c   Code   RO         6845    i.xQueueGenericReset  queue.o
    0x080049ec   0x00000164   Code   RO         6846    i.xQueueGenericSend  queue.o
    0x08004b50   0x000000be   Code   RO         6847    i.xQueueGenericSendFromISR  queue.o
    0x08004c0e   0x00000002   PAD
    0x08004c10   0x00000074   Code   RO         6461    i.xTaskCheckForTimeOut  tasks.o
    0x08004c84   0x00000060   Code   RO         6462    i.xTaskCreate       tasks.o
    0x08004ce4   0x0000001c   Code   RO         6466    i.xTaskGetSchedulerState  tasks.o
    0x08004d00   0x0000000c   Code   RO         6467    i.xTaskGetTickCount  tasks.o
    0x08004d0c   0x000000cc   Code   RO         6469    i.xTaskIncrementTick  tasks.o
    0x08004dd8   0x00000098   Code   RO         6472    i.xTaskPriorityDisinherit  tasks.o
    0x08004e70   0x0000007c   Code   RO         6473    i.xTaskRemoveFromEventList  tasks.o
    0x08004eec   0x000000cc   Code   RO         6475    i.xTaskResumeAll    tasks.o
    0x08004fb8   0x0000004c   Code   RO         7175    i.xTimerCreateTimerTask  timers.o
    0x08005004   0x00000068   Code   RO         7176    i.xTimerGenericCommand  timers.o
    0x0800506c   0x00000013   Data   RO         5575    .constdata          device_control.o
    0x0800507f   0x0000019d   Data   RO         6065    .constdata          device_command.o
    0x0800521c   0x00000064   Data   RO         7296    .constdata          cm_backtrace.o
    0x08005280   0x00000094   Data   RO         5875    .conststring        debug.o
    0x08005314   0x000007c5   Data   RO         7297    .conststring        cm_backtrace.o
    0x08005ad9   0x00000003   PAD
    0x08005adc   0x00000020   Data   RO         7697    Region$$Table       anon$$obj.o


    Execution Region RW_IRAM1 (Base: 0x20000000, Size: 0x00014140, Max: 0x00030000, ABSOLUTE, COMPRESSED[0x000000a0])

    Base Addr    Size         Type   Attr      Idx    E Section Name        Object

    0x20000000   0x00000010   Data   RW         3013    .data               stm32f4xx_rcc.o
    0x20000010   0x00000004   Data   RW         5276    .data               bsp_timer.o
    0x20000014   0x00000001   Data   RW         5328    .data               bsp_usart.o
    0x20000015   0x00000003   PAD
    0x20000018   0x00000008   Data   RW         5413    .data               protocol_analysis.o
    0x20000020   0x00000004   Data   RW         5785    .data               message_deliver.o
    0x20000024   0x0000010c   Data   RW         5925    .data               bsp_data_port.o
    0x20000130   0x00000008   Data   RW         6066    .data               device_command.o
    0x20000138   0x00000044   Data   RW         6478    .data               tasks.o
    0x2000017c   0x0000000c   Data   RW         7033    .data               port.o
    0x20000188   0x00000018   Data   RW         7108    .data               heap_4.o
    0x200001a0   0x00000014   Data   RW         7182    .data               timers.o
    0x200001b4   0x000000a0   Data   RW         7298    .data               cm_backtrace.o
    0x20000254   0x00000004   Data   RW         7671    .data               mc_w.l(stdout.o)
    0x20000258   0x0000036c   Zero   RW         5412    .bss                protocol_analysis.o
    0x200005c4   0x0000009c   Zero   RW         5574    .bss                device_control.o
    0x20000660   0x00000518   Zero   RW         5784    .bss                message_deliver.o
    0x20000b78   0x000003a4   Zero   RW         5874    .bss                debug.o
    0x20000f1c   0x000000c8   Zero   RW         6477    .bss                tasks.o
    0x20000fe4   0x00012c00   Zero   RW         7107    .bss                heap_4.o
    0x20013be4   0x00000028   Zero   RW         7181    .bss                timers.o
    0x20013c0c   0x00000134   Zero   RW         7295    .bss                cm_backtrace.o
    0x20013d40   0x00000400   Zero   RW            1    STACK               startup_stm32f429_439xx.o


==============================================================================

Image component sizes


      Code (inc. data)   RO Data    RW Data    ZI Data      Debug   Object Name

       454         90          0        268          0       6988   bsp_data_port.o
        56          0          0          0          0       1081   bsp_exti.o
       198         22          0          4          0       2859   bsp_timer.o
       650         42          0          1          0       5638   bsp_usart.o
      2128        500       2089        160        308      12355   cm_backtrace.o
       124         72        148          0        932       1316   debug.o
       848        328        413          8          0      15278   device_command.o
      1586        726         19          0        156      10226   device_control.o
        12          0          0          0          0        396   hardfault.o
       464         22          0         24      76800      12331   heap_4.o
       136          0          0          0          0       3266   list.o
       122         66          0          0          0      27235   main.o
      1524        700          0          4       1304       9646   message_deliver.o
       124         16          0          0          0       1799   misc.o
       742         84          0         12          0      10981   port.o
      1656        470          0          8        876      15600   protocol_analysis.o
      1670         14          0          0          0      14874   queue.o
        36          8        428          0       1024        972   startup_stm32f429_439xx.o
       148         16          0          0          0       2492   stm32f4xx_exti.o
       168          0          0          0          0       2663   stm32f4xx_gpio.o
        10          0          0          0          0       2369   stm32f4xx_it.o
       248         34          0         16          0       5199   stm32f4xx_rcc.o
        44          6          0          0          0        724   stm32f4xx_syscfg.o
       204         28          0          0          0       4846   stm32f4xx_tim.o
       368          8          0          0          0       6923   stm32f4xx_usart.o
       304         34          0          0          0     298537   system_stm32f4xx.o
      3544        300          0         68        200      42144   tasks.o
       900         78          0         20         40       9651   timers.o

    ----------------------------------------------------------------------
     18492       3664       3132        596      81640     528389   Object Totals
         0          0         32          0          0          0   (incl. Generated)
        24          0          3          3          0          0   (incl. Padding)

    ----------------------------------------------------------------------

      Code (inc. data)   RO Data    RW Data    ZI Data      Debug   Library Member Name

        86          0          0          0          0          0   __dczerorl2.o
         0          0          0          0          0          0   entry.o
         0          0          0          0          0          0   entry10a.o
         0          0          0          0          0          0   entry11a.o
         8          4          0          0          0          0   entry2.o
         4          0          0          0          0          0   entry5.o
         0          0          0          0          0          0   entry7b.o
         0          0          0          0          0          0   entry8b.o
         8          4          0          0          0          0   entry9a.o
        30          0          0          0          0          0   handlers.o
        36          8          0          0          0         68   init.o
        30          0          0          0          0         68   llshl.o
        32          0          0          0          0         68   llushr.o
        36          0          0          0          0         68   memcpya.o
        36          0          0          0          0        108   memseta.o
      1204         60          0          0          0        504   printf8.o
         0          0          0          4          0          0   stdout.o
        18          0          0          0          0         68   strcpy.o
        14          0          0          0          0         68   strlen.o
        24          0          0          0          0         76   strncpy.o
        98          0          0          0          0         92   uldiv.o

    ----------------------------------------------------------------------
      1668         76          0          4          0       1188   Library Totals
         4          0          0          0          0          0   (incl. Padding)

    ----------------------------------------------------------------------

      Code (inc. data)   RO Data    RW Data    ZI Data      Debug   Library Name

      1664         76          0          4          0       1188   mc_w.l

    ----------------------------------------------------------------------
      1668         76          0          4          0       1188   Library Totals

    ----------------------------------------------------------------------

==============================================================================


      Code (inc. data)   RO Data    RW Data    ZI Data      Debug   

     20160       3740       3132        600      81640     507489   Grand Totals
     20160       3740       3132        160      81640     507489   ELF Image Totals (compressed)
     20160       3740       3132        160          0          0   ROM Totals

==============================================================================

    Total RO  Size (Code + RO Data)                23292 (  22.75kB)
    Total RW  Size (RW Data + ZI Data)             82240 (  80.31kB)
    Total ROM Size (Code + RO Data + RW Data)      23452 (  22.90kB)

==============================================================================

